 aebellBroadcast

 Timestamp is 5ab35f23 (Thu Mar 22 15:45:39 2018)

 Preferred load address is 0000000180000000

 Start         Length     Name                   Class
 0001:00000000 000002b8H .text$di                CODE
 0001:000002c0 00034ba7H .text$mn                CODE
 0001:00034e70 00000630H .text$x                 CODE
 0001:000354a0 000007f0H .text$yd                CODE
 0002:00000000 000004a0H .idata$5                DATA
 0002:000004a0 00000008H .CRT$XCA                DATA
 0002:000004a8 00000018H .CRT$XCC                DATA
 0002:000004c0 00000010H .CRT$XCL                DATA
 0002:000004d0 00000098H .CRT$XCU                DATA
 0002:00000568 00000008H .CRT$XCZ                DATA
 0002:00000570 00000008H .CRT$XIA                DATA
 0002:00000578 00000020H .CRT$XIC                DATA
 0002:00000598 00000008H .CRT$XIZ                DATA
 0002:000005a0 00000008H .CRT$XPA                DATA
 0002:000005a8 00000010H .CRT$XPX                DATA
 0002:000005b8 00000008H .CRT$XPXA               DATA
 0002:000005c0 00000008H .CRT$XPZ                DATA
 0002:000005c8 00000008H .CRT$XTA                DATA
 0002:000005d0 00000008H .CRT$XTZ                DATA
 0002:000005e0 00009ee0H .rdata                  DATA
 0002:0000a4c0 000000a0H .rdata$debug            DATA
 0002:0000a560 00000734H .rdata$r                DATA
 0002:0000ac98 00000008H .rtc$IAA                DATA
 0002:0000aca0 00000008H .rtc$IZZ                DATA
 0002:0000aca8 00000008H .rtc$TAA                DATA
 0002:0000acb0 00000008H .rtc$TZZ                DATA
 0002:0000acb8 00003670H .xdata                  DATA
 0002:0000e328 000001dcH .xdata$x                DATA
 0002:0000e504 00000020H .didat$2                DATA
 0002:0000e524 00000020H .didat$3                DATA
 0002:0000e548 000000a8H .didat$4                DATA
 0002:0000e5f0 00000486H .didat$6                DATA
 0002:0000ea78 000000a8H .didat$7                DATA
 0002:0000eb20 00000062H .edata                  DATA
 0002:0000eb84 0000003cH .idata$2                DATA
 0002:0000ebc0 00000014H .idata$3                DATA
 0002:0000ebd8 000004a0H .idata$4                DATA
 0002:0000f078 00000da4H .idata$6                DATA
 0003:00000000 00001c18H .data                   DATA
 0003:00001c20 00000258H .data$r                 DATA
 0003:00001e78 000000a8H .didat$5                DATA
 0003:00001f20 00002b80H .bss                    DATA
 0004:00000000 000031a4H .pdata                  DATA
 0005:00000000 00000058H .rsrc$01                DATA
 0005:00000060 00000180H .rsrc$02                DATA

  Address         Publics by Value              Rva+Base               Lib:Object

 0000:00000000       __guard_fids_count         0000000000000000     <absolute>
 0000:00000000       ___safe_se_handler_table   0000000000000000     <absolute>
 0000:00000000       ___safe_se_handler_count   0000000000000000     <absolute>
 0000:00000000       __guard_flags              0000000000000000     <absolute>
 0000:00000000       __guard_fids_table         0000000000000000     <absolute>
 0000:00000000       __ImageBase                0000000180000000     <linker-defined>
 0001:000002c0       ?NODE_SET_METHOD@node@@YAXV?$Local@VObject@v8@@@v8@@PEBDP6AXAEBV?$FunctionCallbackInfo@VValue@v8@@@3@@Z@Z 00000001800012c0 f i AebellBroadcast.obj
 0001:000003a0       ??0DeviceInfo@@QEAA@XZ     00000001800013a0 f i AebellBroadcast.obj
 0001:00000480       ??0BroadcastOperInfo@@QEAA@XZ 0000000180001480 f i AebellBroadcast.obj
 0001:00000510       ??1DeviceInfo@@QEAA@XZ     0000000180001510 f i AebellBroadcast.obj
 0001:000005b0       ??0TimerTaskInfo@@QEAA@XZ  00000001800015b0 f i AebellBroadcast.obj
 0001:00000690       ??0TimerTaskInfo@@QEAA@AEBU0@@Z 0000000180001690 f i AebellBroadcast.obj
 0001:00000740       ??4TimerTaskInfo@@QEAAAEAU0@AEBU0@@Z 0000000180001740 f i AebellBroadcast.obj
 0001:00000a50       ??0AddUpdPlanOperInfo@@QEAA@XZ 0000000180001a50 f i AebellBroadcast.obj
 0001:00000ad0       ??1TimerTaskInfo@@QEAA@XZ  0000000180001ad0 f i AebellBroadcast.obj
 0001:00000c00       ??1AddUpdPlanOperInfo@@QEAA@XZ 0000000180001c00 f i AebellBroadcast.obj
 0001:00000cb0       ??4ResFileInfo@@QEAAAEAU0@AEBU0@@Z 0000000180001cb0 f i AebellBroadcast.obj
 0001:00000d90       ?startModule@@YAXAEBV?$FunctionCallbackInfo@VValue@v8@@@v8@@@Z 0000000180001d90 f   AebellBroadcast.obj
 0001:00000db0       ?stopModule@@YAXAEBV?$FunctionCallbackInfo@VValue@v8@@@v8@@@Z 0000000180001db0 f   AebellBroadcast.obj
 0001:00000e00       ?login@@YAXAEBV?$FunctionCallbackInfo@VValue@v8@@@v8@@@Z 0000000180001e00 f   AebellBroadcast.obj
 0001:000011f0       ?logout@@YAXAEBV?$FunctionCallbackInfo@VValue@v8@@@v8@@@Z 00000001800021f0 f   AebellBroadcast.obj
 0001:00001270       ?queryAllFile@@YAXAEBV?$FunctionCallbackInfo@VValue@v8@@@v8@@@Z 0000000180002270 f   AebellBroadcast.obj
 0001:000012d0       ?registerDevStatusCB@@YAXAEBV?$FunctionCallbackInfo@VValue@v8@@@v8@@@Z 00000001800022d0 f   AebellBroadcast.obj
 0001:00001310       ?startBroadcast@@YAXAEBV?$FunctionCallbackInfo@VValue@v8@@@v8@@@Z 0000000180002310 f   AebellBroadcast.obj
 0001:00001ac0       ?startCall@@YAXAEBV?$FunctionCallbackInfo@VValue@v8@@@v8@@@Z 0000000180002ac0 f   AebellBroadcast.obj
 0001:00001fe0       ?stopBroadcast@@YAXAEBV?$FunctionCallbackInfo@VValue@v8@@@v8@@@Z 0000000180002fe0 f   AebellBroadcast.obj
 0001:00002150       ?stopCall@@YAXAEBV?$FunctionCallbackInfo@VValue@v8@@@v8@@@Z 0000000180003150 f   AebellBroadcast.obj
 0001:000022c0       ?adjustVolume@@YAXAEBV?$FunctionCallbackInfo@VValue@v8@@@v8@@@Z 00000001800032c0 f   AebellBroadcast.obj
 0001:000024a0       ?addDevice@@YAXAEBV?$FunctionCallbackInfo@VValue@v8@@@v8@@@Z 00000001800034a0 f   AebellBroadcast.obj
 0001:00002a30       ?updateDevice@@YAXAEBV?$FunctionCallbackInfo@VValue@v8@@@v8@@@Z 0000000180003a30 f   AebellBroadcast.obj
 0001:00002f10       ?delDevice@@YAXAEBV?$FunctionCallbackInfo@VValue@v8@@@v8@@@Z 0000000180003f10 f   AebellBroadcast.obj
 0001:00003080       ?uploadFile@@YAXAEBV?$FunctionCallbackInfo@VValue@v8@@@v8@@@Z 0000000180004080 f   AebellBroadcast.obj
 0001:000033d0       ?addPlan@@YAXAEBV?$FunctionCallbackInfo@VValue@v8@@@v8@@@Z 00000001800043d0 f   AebellBroadcast.obj
 0001:00004320       ?updatePlan@@YAXAEBV?$FunctionCallbackInfo@VValue@v8@@@v8@@@Z 0000000180005320 f   AebellBroadcast.obj
 0001:00005270       ?delPlan@@YAXAEBV?$FunctionCallbackInfo@VValue@v8@@@v8@@@Z 0000000180006270 f   AebellBroadcast.obj
 0001:00005400       ?addSessionDev@@YAXAEBV?$FunctionCallbackInfo@VValue@v8@@@v8@@@Z 0000000180006400 f   AebellBroadcast.obj
 0001:00005670       ?delSessionDev@@YAXAEBV?$FunctionCallbackInfo@VValue@v8@@@v8@@@Z 0000000180006670 f   AebellBroadcast.obj
 0001:000058e0       ?getTaskResponse@@YAXAEBV?$FunctionCallbackInfo@VValue@v8@@@v8@@@Z 00000001800068e0 f   AebellBroadcast.obj
 0001:00005e50       ?getAutoDeviceStatus@@YAXAEBV?$FunctionCallbackInfo@VValue@v8@@@v8@@@Z 0000000180006e50 f   AebellBroadcast.obj
 0001:00006180       ?getAllDeviceStatus@@YAXAEBV?$FunctionCallbackInfo@VValue@v8@@@v8@@@Z 0000000180007180 f   AebellBroadcast.obj
 0001:000064b0       ?BroadcastCB@@YAXGK@Z      00000001800074b0 f   AebellBroadcast.obj
 0001:000064e0       ?CallCB@@YAXGK@Z           00000001800074e0 f   AebellBroadcast.obj
 0001:00006510       ?QueryAllFileCB@@YAXAEBV?$vector@U_tagNetFile@@V?$allocator@U_tagNetFile@@@std@@@std@@K@Z 0000000180007510 f   AebellBroadcast.obj
 0001:00006900       ?TimerQueryAllFileCB@@YAXAEBV?$vector@U_tagNetFile@@V?$allocator@U_tagNetFile@@@std@@@std@@K@Z 0000000180007900 f   AebellBroadcast.obj
 0001:00006930       ?QueryDevStatCB_Broadcast@@YAXU_tagDeviceStatus@@K@Z 0000000180007930 f   AebellBroadcast.obj
 0001:000069c0       ?QueryDevStatCB_Call@@YAXU_tagDeviceStatus@@K@Z 00000001800079c0 f   AebellBroadcast.obj
 0001:00006a50       ?StopOperationCB@@YAXHK@Z  0000000180007a50 f   AebellBroadcast.obj
 0001:00006a60       ?RemoveDeviceCB@@YAXHK@Z   0000000180007a60 f   AebellBroadcast.obj
 0001:00006a90       ?SetDeviceVolumeCB@@YAXHK@Z 0000000180007a90 f   AebellBroadcast.obj
 0001:00006ab0       ?UploadFileCB@@YAXHK@Z     0000000180007ab0 f   AebellBroadcast.obj
 0001:00006ae0       ?OnOperateResourceCB@@YAXHK@Z 0000000180007ae0 f   AebellBroadcast.obj
 0001:00006af0       ?OnFinishUploadFileCB@@YAXHK@Z 0000000180007af0 f   AebellBroadcast.obj
 0001:00006b70       ?AddDeviceCB@@YAXHK@Z      0000000180007b70 f   AebellBroadcast.obj
 0001:00006c50       ??1ReqTaskInfo@@QEAA@XZ    0000000180007c50 f i AebellBroadcast.obj
 0001:00006e50       ?AddDeviceAttachCB@@YAXHK@Z 0000000180007e50 f   AebellBroadcast.obj
 0001:00006e90       ?TimerGetAllNetDevicesCB@@YAXAEBV?$vector@U_tagNetDevice@@V?$allocator@U_tagNetDevice@@@std@@@std@@K@Z 0000000180007e90 f   AebellBroadcast.obj
 0001:00006ec0       ?TimerGetDeviceAttachInfoCB@@YAXAEBV?$vector@U_tagNetDeviceAttach@@V?$allocator@U_tagNetDeviceAttach@@@std@@@std@@K@Z 0000000180007ec0 f   AebellBroadcast.obj
 0001:00006ef0       ?TimerQueryAllDeviceStatusCB@@YAXAEBV?$vector@U_tagDeviceStatus@@V?$allocator@U_tagDeviceStatus@@@std@@@std@@K@Z 0000000180007ef0 f   AebellBroadcast.obj
 0001:000072c0       ?AutoGetDeviceStatusCB@@YAXAEBV?$vector@U_tagDeviceStatus@@V?$allocator@U_tagDeviceStatus@@@std@@@std@@K@Z 00000001800082c0 f   AebellBroadcast.obj
 0001:00007780       ?OnGetAllPolicyCB@@YAXAEBV?$vector@U_tagTaskPolicy@@V?$allocator@U_tagTaskPolicy@@@std@@@std@@K@Z 0000000180008780 f   AebellBroadcast.obj
 0001:000077b0       ?OnPolicyStatusCB@@YAXU_tagPolicyStatus@@K@Z 00000001800087b0 f   AebellBroadcast.obj
 0001:00007810       ?OnAddUpdatePlanCB@@YAXHK@Z 0000000180008810 f   AebellBroadcast.obj
 0001:00007840       ?OnAddPlanTaskCB@@YAXHK@Z  0000000180008840 f   AebellBroadcast.obj
 0001:00007870       ?OnTaskOperCB@@YAXHK@Z     0000000180008870 f   AebellBroadcast.obj
 0001:00007880       ?OnDelPlanCB@@YAXHK@Z      0000000180008880 f   AebellBroadcast.obj
 0001:000078b0       ?OnSessionDeviceCB@@YAXHK@Z 00000001800088b0 f   AebellBroadcast.obj
 0001:000078e0       ?getUtf8String@@YA?AV?$basic_string@DU?$char_traits@D@std@@V?$allocator@D@2@@std@@PEBD@Z 00000001800088e0 f   AebellBroadcast.obj
 0001:00007a60       ?GenerateGUID@@YA?AV?$basic_string@DU?$char_traits@D@std@@V?$allocator@D@2@@std@@XZ 0000000180008a60 f   AebellBroadcast.obj
 0001:00007bc0       ?RegisterModule@@YAXV?$Local@VObject@v8@@@v8@@@Z 0000000180008bc0 f   AebellBroadcast.obj
 0001:00007e10       ?push_back@?$vector@V?$basic_string@DU?$char_traits@D@std@@V?$allocator@D@2@@std@@V?$allocator@V?$basic_string@DU?$char_traits@D@std@@V?$allocator@D@2@@std@@@2@@std@@QEAAXAEBV?$basic_string@DU?$char_traits@D@std@@V?$allocator@D@2@@2@@Z 0000000180008e10 f i AebellBroadcast.obj
 0001:00007ea0       ?clear@?$vector@V?$basic_string@DU?$char_traits@D@std@@V?$allocator@D@2@@std@@V?$allocator@V?$basic_string@DU?$char_traits@D@std@@V?$allocator@D@2@@std@@@2@@std@@QEAAXXZ 0000000180008ea0 f i AebellBroadcast.obj
 0001:00007f20       ?push_back@?$vector@UFileInfo@@V?$allocator@UFileInfo@@@std@@@std@@QEAAXAEBUFileInfo@@@Z 0000000180008f20 f i AebellBroadcast.obj
 0001:00008010       ?clear@?$vector@UFileInfo@@V?$allocator@UFileInfo@@@std@@@std@@QEAAXXZ 0000000180009010 f i AebellBroadcast.obj
 0001:000080a0       ?_Assign_rv@?$basic_string@DU?$char_traits@D@std@@V?$allocator@D@2@@std@@QEAAX$$QEAV12@@Z 00000001800090a0 f i AebellBroadcast.obj
 0001:00008110       ?assign@?$basic_string@DU?$char_traits@D@std@@V?$allocator@D@2@@std@@QEAAAEAV12@AEBV12@_K1@Z 0000000180009110 f i AebellBroadcast.obj
 0001:00008240       ?_Reserve@?$vector@V?$basic_string@DU?$char_traits@D@std@@V?$allocator@D@2@@std@@V?$allocator@V?$basic_string@DU?$char_traits@D@std@@V?$allocator@D@2@@std@@@2@@std@@IEAAX_K@Z 0000000180009240 f i AebellBroadcast.obj
 0001:000082d0       ?_Tidy@?$vector@V?$basic_string@DU?$char_traits@D@std@@V?$allocator@D@2@@std@@V?$allocator@V?$basic_string@DU?$char_traits@D@std@@V?$allocator@D@2@@std@@@2@@std@@IEAAXXZ 00000001800092d0 f i AebellBroadcast.obj
 0001:00008350       ?_Reserve@?$vector@HV?$allocator@H@std@@@std@@IEAAX_K@Z 0000000180009350 f i AebellBroadcast.obj
 0001:000083e0       ?_Reserve@?$vector@UTimerTaskInfo@@V?$allocator@UTimerTaskInfo@@@std@@@std@@IEAAX_K@Z 00000001800093e0 f i AebellBroadcast.obj
 0001:000084b0       ?_Destroy@?$vector@UFileInfo@@V?$allocator@UFileInfo@@@std@@@std@@IEAAXPEAUFileInfo@@0@Z 00000001800094b0 f i AebellBroadcast.obj
 0001:00008510       ?_Reserve@?$vector@UFileInfo@@V?$allocator@UFileInfo@@@std@@@std@@IEAAX_K@Z 0000000180009510 f i AebellBroadcast.obj
 0001:000085e0       ?_Tidy@?$vector@UFileInfo@@V?$allocator@UFileInfo@@@std@@@std@@IEAAXXZ 00000001800095e0 f i AebellBroadcast.obj
 0001:00008670       ?_Reserve@?$vector@UDeviceStatusInfo@@V?$allocator@UDeviceStatusInfo@@@std@@@std@@IEAAX_K@Z 0000000180009670 f i AebellBroadcast.obj
 0001:00008740       ?_Getal@?$_Vector_alloc@$0A@U?$_Vec_base_types@UDeviceStatusInfo@@V?$allocator@UDeviceStatusInfo@@@std@@@std@@@std@@QEBA?AU?$_Wrap_alloc@V?$allocator@UDeviceStatusInfo@@@std@@@2@XZ 0000000180009740 f i AebellBroadcast.obj
 0001:00008750       ?assign@?$basic_string@DU?$char_traits@D@std@@V?$allocator@D@2@@std@@QEAAAEAV12@PEBD_K@Z 0000000180009750 f i AebellBroadcast.obj
 0001:00008890       ?erase@?$basic_string@DU?$char_traits@D@std@@V?$allocator@D@2@@std@@QEAAAEAV12@_K0@Z 0000000180009890 f i AebellBroadcast.obj
 0001:00008960       ??0?$_Wrap_alloc@V?$allocator@D@std@@@std@@QEAA@XZ 0000000180009960 f i AebellBroadcast.obj
 0001:00008960       ??0?$_Wrap_alloc@V?$allocator@UDeviceStatusInfo@@@std@@@std@@QEAA@XZ 0000000180009960 f i AebellBroadcast.obj
 0001:00008960       ?setbuf@?$basic_streambuf@DU?$char_traits@D@std@@@std@@MEAAPEAV12@PEAD_J@Z 0000000180009960 f i UploadFileTask.obj
 0001:00008970       ?_Reallocate@?$vector@V?$basic_string@DU?$char_traits@D@std@@V?$allocator@D@2@@std@@V?$allocator@V?$basic_string@DU?$char_traits@D@std@@V?$allocator@D@2@@std@@@2@@std@@IEAAX_K@Z 0000000180009970 f i AebellBroadcast.obj
 0001:00008a60       ?_Reallocate@?$vector@HV?$allocator@H@std@@@std@@IEAAX_K@Z 0000000180009a60 f i AebellBroadcast.obj
 0001:00008b10       ?_Reallocate@?$vector@UTimerTaskInfo@@V?$allocator@UTimerTaskInfo@@@std@@@std@@IEAAX_K@Z 0000000180009b10 f i AebellBroadcast.obj
 0001:00008c30       ?_Reallocate@?$vector@UFileInfo@@V?$allocator@UFileInfo@@@std@@@std@@IEAAX_K@Z 0000000180009c30 f i AebellBroadcast.obj
 0001:00008d50       ?_Reallocate@?$vector@UDeviceStatusInfo@@V?$allocator@UDeviceStatusInfo@@@std@@@std@@IEAAX_K@Z 0000000180009d50 f i AebellBroadcast.obj
 0001:00008e60       ?_Copy@?$basic_string@DU?$char_traits@D@std@@V?$allocator@D@2@@std@@QEAAX_K0@Z 0000000180009e60 f i AebellBroadcast.obj
 0001:00008f50       ??$_snprintf_s@$0EA@@@YAHAEAY0EA@D_KPEBDZZ 0000000180009f50 f i AebellBroadcast.obj
 0001:00008f80       ?imbue@?$basic_streambuf@DU?$char_traits@D@std@@@std@@MEAAXAEBVlocale@2@@Z 0000000180009f80 f i UploadFileTask.obj
 0001:00008f80       ?_Lock@?$basic_streambuf@DU?$char_traits@D@std@@@std@@UEAAXXZ 0000000180009f80 f i UploadFileTask.obj
 0001:00008f80       ??$destroy@PEAD@?$_Wrap_alloc@V?$allocator@D@std@@@std@@QEAAXPEAPEAD@Z 0000000180009f80 f i AebellBroadcast.obj
 0001:00008f80       ?_Doraise@exception@stdext@@MEBAXXZ 0000000180009f80 f i UploadFileTask.obj
 0001:00008f80       ?_Unlock@?$basic_streambuf@DU?$char_traits@D@std@@@std@@UEAAXXZ 0000000180009f80 f i UploadFileTask.obj
 0001:00008f90       ??$_Umove@PEAV?$basic_string@DU?$char_traits@D@std@@V?$allocator@D@2@@std@@@?$vector@V?$basic_string@DU?$char_traits@D@std@@V?$allocator@D@2@@std@@V?$allocator@V?$basic_string@DU?$char_traits@D@std@@V?$allocator@D@2@@std@@@2@@std@@IEAAPEAV?$basic_string@DU?$char_traits@D@std@@V?$allocator@D@2@@1@PEAV21@00@Z 0000000180009f90 f i AebellBroadcast.obj
 0001:00009040       ??$_Ucopy@PEAUFileInfo@@@?$vector@UFileInfo@@V?$allocator@UFileInfo@@@std@@@std@@IEAAPEAUFileInfo@@PEAU2@00@Z 000000018000a040 f i AebellBusiThread.obj
 0001:00009040       ??$_Umove@PEAUFileInfo@@@?$vector@UFileInfo@@V?$allocator@UFileInfo@@@std@@@std@@IEAAPEAUFileInfo@@PEAU2@00@Z 000000018000a040 f i AebellBroadcast.obj
 0001:000090e0       ??$_Umove@PEAUDeviceStatusInfo@@@?$vector@UDeviceStatusInfo@@V?$allocator@UDeviceStatusInfo@@@std@@@std@@IEAAPEAUDeviceStatusInfo@@PEAU2@00@Z 000000018000a0e0 f i AebellBroadcast.obj
 0001:00009180       ?PushTask@CTaskQueue@@QEAAXV?$shared_ptr@VCBroadcastTask@@@std@@K@Z 000000018000a180 f   TaskQueue.obj
 0001:00009240       ?PopTask@CTaskQueue@@QEAA?AV?$shared_ptr@VCBroadcastTask@@@std@@K@Z 000000018000a240 f   TaskQueue.obj
 0001:00009310       ?clear@?$list@V?$shared_ptr@VCUploadFileTask@@@std@@V?$allocator@V?$shared_ptr@VCUploadFileTask@@@std@@@2@@std@@QEAAXXZ 000000018000a310 f i AebellUploadThread.obj
 0001:00009310       ?clear@?$list@V?$shared_ptr@VCBroadcastTask@@@std@@V?$allocator@V?$shared_ptr@VCBroadcastTask@@@std@@@2@@std@@QEAAXXZ 000000018000a310 f i TaskQueue.obj
 0001:000093a0       ??4?$shared_ptr@VCUploadFileTask@@@std@@QEAAAEAV01@AEBV01@@Z 000000018000a3a0 f i AebellUploadThread.obj
 0001:000093a0       ??4?$shared_ptr@VCBroadcastTask@@@std@@QEAAAEAV01@AEBV01@@Z 000000018000a3a0 f i TaskQueue.obj
 0001:00009420       ?_Reset0@?$_Ptr_base@VCBroadcastTask@@@std@@QEAAXPEAVCBroadcastTask@@PEAV_Ref_count_base@2@@Z 000000018000a420 f i TaskQueue.obj
 0001:00009420       ?_Reset0@?$_Ptr_base@VCUploadFileTask@@@std@@QEAAXPEAVCUploadFileTask@@PEAV_Ref_count_base@2@@Z 000000018000a420 f i AebellBusiThread.obj
 0001:000094a0       ??$_Buynode@AEBV?$shared_ptr@VCUploadFileTask@@@std@@@?$_List_buy@V?$shared_ptr@VCUploadFileTask@@@std@@V?$allocator@V?$shared_ptr@VCUploadFileTask@@@std@@@2@@std@@QEAAPEAU?$_List_node@V?$shared_ptr@VCUploadFileTask@@@std@@PEAX@1@PEAU21@0AEBV?$shared_ptr@VCUploadFileTask@@@1@@Z 000000018000a4a0 f i AebellUploadThread.obj
 0001:000094a0       ??$_Buynode@AEBV?$shared_ptr@VCBroadcastTask@@@std@@@?$_List_buy@V?$shared_ptr@VCBroadcastTask@@@std@@V?$allocator@V?$shared_ptr@VCBroadcastTask@@@std@@@2@@std@@QEAAPEAU?$_List_node@V?$shared_ptr@VCBroadcastTask@@@std@@PEAX@1@PEAU21@0AEBV?$shared_ptr@VCBroadcastTask@@@1@@Z 000000018000a4a0 f i TaskQueue.obj
 0001:00009530       ??4DeviceInfo@@QEAAAEAU0@AEBU0@@Z 000000018000a530 f i BroadcastTask.obj
 0001:000095c0       ??4BroadcastOperInfo@@QEAAAEAU0@AEBU0@@Z 000000018000a5c0 f i BroadcastTask.obj
 0001:000098e0       ??4CallOperInfo@@QEAAAEAU0@AEBU0@@Z 000000018000a8e0 f i BroadcastTask.obj
 0001:00009a40       ??4AddUpdPlanOperInfo@@QEAAAEAU0@AEBU0@@Z 000000018000aa40 f i BroadcastTask.obj
 0001:00009d00       ??0ReqTaskInfo@@QEAA@XZ    000000018000ad00 f i BroadcastTask.obj
 0001:00009eb0       ??4ReqTaskInfo@@QEAAAEAU0@AEBU0@@Z 000000018000aeb0 f i BroadcastTask.obj
 0001:0000a070       ??4ResTaskInfo@@QEAAAEAU0@AEBU0@@Z 000000018000b070 f i BroadcastTask.obj
 0001:0000a0f0       ??0CBroadcastTask@@QEAA@XZ 000000018000b0f0 f   BroadcastTask.obj
 0001:0000a180       ?what@exception@stdext@@UEBAPEBDXZ 000000018000b180 f i UploadFileTask.obj
 0001:0000a1a0       ??_G_System_error@std@@UEAAPEAXI@Z 000000018000b1a0 f i UploadFileTask.obj
 0001:0000a1a0       ??_Gfailure@ios_base@std@@UEAAPEAXI@Z 000000018000b1a0 f i UploadFileTask.obj
 0001:0000a1a0       ??_Gexception@stdext@@UEAAPEAXI@Z 000000018000b1a0 f i UploadFileTask.obj
 0001:0000a1a0       ??_Eruntime_error@std@@UEAAPEAXI@Z 000000018000b1a0 f i * CIL library *:* CIL module *
 0001:0000a1a0       ??_E_System_error@std@@UEAAPEAXI@Z 000000018000b1a0 f i * CIL library *:* CIL module *
 0001:0000a1a0       ??_Efailure@ios_base@std@@UEAAPEAXI@Z 000000018000b1a0 f i * CIL library *:* CIL module *
 0001:0000a1a0       ??_Eexception@stdext@@UEAAPEAXI@Z 000000018000b1a0 f i * CIL library *:* CIL module *
 0001:0000a1a0       ??_Gruntime_error@std@@UEAAPEAXI@Z 000000018000b1a0 f i UploadFileTask.obj
 0001:0000a1d0       ?_Doraise@runtime_error@std@@MEBAXXZ 000000018000b1d0 f i UploadFileTask.obj
 0001:0000a1d0       ?_Doraise@failure@ios_base@std@@MEBAXXZ 000000018000b1d0 f i UploadFileTask.obj
 0001:0000a1f0       ??0_Locinfo@std@@QEAA@PEBD@Z 000000018000b1f0 f i UploadFileTask.obj
 0001:0000a2b0       ??1_Locinfo@std@@QEAA@XZ   000000018000b2b0 f i UploadFileTask.obj
 0001:0000a350       ??_G?$codecvt@DDH@std@@MEAAPEAXI@Z 000000018000b350 f i UploadFileTask.obj
 0001:0000a350       ??_E_Facet_base@std@@UEAAPEAXI@Z 000000018000b350 f i * CIL library *:* CIL module *
 0001:0000a350       ??_E?$codecvt@DDH@std@@MEAAPEAXI@Z 000000018000b350 f i * CIL library *:* CIL module *
 0001:0000a350       ??_G_Facet_base@std@@UEAAPEAXI@Z 000000018000b350 f i UploadFileTask.obj
 0001:0000a380       ?_Incref@facet@locale@std@@UEAAXXZ 000000018000b380 f i UploadFileTask.obj
 0001:0000a390       ?_Decref@facet@locale@std@@UEAAPEAV_Facet_base@3@XZ 000000018000b390 f i UploadFileTask.obj
 0001:0000a3a0       DllMain                    000000018000b3a0 f i LIBCMT:dllmain.obj
 0001:0000a3a0       ?do_max_length@codecvt_base@std@@MEBAHXZ 000000018000b3a0 f i UploadFileTask.obj
 0001:0000a3a0       ?do_encoding@codecvt_base@std@@MEBAHXZ 000000018000b3a0 f i UploadFileTask.obj
 0001:0000a3b0       ?_Getcat@?$ctype@D@std@@SA_KPEAPEBVfacet@locale@2@PEBV42@@Z 000000018000b3b0 f i UploadFileTask.obj
 0001:0000a490       ?do_tolower@?$ctype@D@std@@MEBADD@Z 000000018000b490 f i UploadFileTask.obj
 0001:0000a4a0       ?do_tolower@?$ctype@D@std@@MEBAPEBDPEADPEBD@Z 000000018000b4a0 f i UploadFileTask.obj
 0001:0000a510       ?do_toupper@?$ctype@D@std@@MEBADD@Z 000000018000b510 f i UploadFileTask.obj
 0001:0000a520       ?do_toupper@?$ctype@D@std@@MEBAPEBDPEADPEBD@Z 000000018000b520 f i UploadFileTask.obj
 0001:0000a590       ?do_widen@?$ctype@D@std@@MEBADD@Z 000000018000b590 f i UploadFileTask.obj
 0001:0000a590       ?do_narrow@?$ctype@D@std@@MEBADDD@Z 000000018000b590 f i UploadFileTask.obj
 0001:0000a5a0       ?do_widen@?$ctype@D@std@@MEBAPEBDPEBD0PEAD@Z 000000018000b5a0 f i UploadFileTask.obj
 0001:0000a5c0       ?do_narrow@?$ctype@D@std@@MEBAPEBDPEBD0DPEAD@Z 000000018000b5c0 f i UploadFileTask.obj
 0001:0000a5e0       ??_E?$ctype@D@std@@MEAAPEAXI@Z 000000018000b5e0 f i * CIL library *:* CIL module *
 0001:0000a5e0       ??_G?$ctype@D@std@@MEAAPEAXI@Z 000000018000b5e0 f i UploadFileTask.obj
 0001:0000a650       ??0_System_error@std@@IEAA@Verror_code@1@AEBV?$basic_string@DU?$char_traits@D@std@@V?$allocator@D@2@@1@@Z 000000018000b650 f i UploadFileTask.obj
 0001:0000a7c0       ?clear@ios_base@std@@QEAAXH_N@Z 000000018000b7c0 f i UploadFileTask.obj
 0001:0000a9f0       ?_Init@ios_base@std@@IEAAXXZ 000000018000b9f0 f i UploadFileTask.obj
 0001:0000aa80       ??_Eios_base@std@@UEAAPEAXI@Z 000000018000ba80 f i * CIL library *:* CIL module *
 0001:0000aa80       ??_E?$basic_ios@DU?$char_traits@D@std@@@std@@UEAAPEAXI@Z 000000018000ba80 f i * CIL library *:* CIL module *
 0001:0000aa80       ??_Gios_base@std@@UEAAPEAXI@Z 000000018000ba80 f i UploadFileTask.obj
 0001:0000aa80       ??_G?$basic_ios@DU?$char_traits@D@std@@@std@@UEAAPEAXI@Z 000000018000ba80 f i UploadFileTask.obj
 0001:0000aac0       ?DealUploadFileTask@CUploadFileTask@@AEAAXXZ 000000018000bac0 f   UploadFileTask.obj
 0001:0000af30       ?GetUploadSession@CUploadFileTask@@AEAAXXZ 000000018000bf30 f   UploadFileTask.obj
 0001:0000b210       ?onUploadTaskEnd@CUploadFileTask@@QEAAX_N@Z 000000018000c210 f   UploadFileTask.obj
 0001:0000b3d0       ?read@?$basic_istream@DU?$char_traits@D@std@@@std@@QEAAAEAV12@PEAD_J@Z 000000018000c3d0 f i UploadFileTask.obj
 0001:0000b4c0       ?seekg@?$basic_istream@DU?$char_traits@D@std@@@std@@QEAAAEAV12@_JH@Z 000000018000c4c0 f i UploadFileTask.obj
 0001:0000b5d0       ?pbackfail@?$basic_streambuf@DU?$char_traits@D@std@@@std@@MEAAHH@Z 000000018000c5d0 f i UploadFileTask.obj
 0001:0000b5d0       ?underflow@?$basic_streambuf@DU?$char_traits@D@std@@@std@@MEAAHXZ 000000018000c5d0 f i UploadFileTask.obj
 0001:0000b5d0       ?overflow@?$basic_streambuf@DU?$char_traits@D@std@@@std@@MEAAHH@Z 000000018000c5d0 f i UploadFileTask.obj
 0001:0000b5e0       ?showmanyc@?$basic_streambuf@DU?$char_traits@D@std@@@std@@MEAA_JXZ 000000018000c5e0 f i UploadFileTask.obj
 0001:0000b5e0       ?sync@?$basic_streambuf@DU?$char_traits@D@std@@@std@@MEAAHXZ 000000018000c5e0 f i UploadFileTask.obj
 0001:0000b5e0       __init_dummy               000000018000c5e0 f i LIBCMT:wsetloca.obj
 0001:0000b5e0       ?_Get_deleter@_Ref_count_base@std@@UEBAPEAXAEBVtype_info@@@Z 000000018000c5e0 f i AebellBusiThread.obj
 0001:0000b5e0       __init_collate             000000018000c5e0 f i LIBCMT:initcoll.obj
 0001:0000b5f0       ?uflow@?$basic_streambuf@DU?$char_traits@D@std@@@std@@MEAAHXZ 000000018000c5f0 f i UploadFileTask.obj
 0001:0000b630       ?xsgetn@?$basic_streambuf@DU?$char_traits@D@std@@@std@@MEAA_JPEAD_J@Z 000000018000c630 f i UploadFileTask.obj
 0001:0000b6f0       ?xsputn@?$basic_streambuf@DU?$char_traits@D@std@@@std@@MEAA_JPEBD_J@Z 000000018000c6f0 f i UploadFileTask.obj
 0001:0000b7b0       ?seekpos@?$basic_streambuf@DU?$char_traits@D@std@@@std@@MEAA?AV?$fpos@H@2@V32@H@Z 000000018000c7b0 f i UploadFileTask.obj
 0001:0000b7b0       ?seekoff@?$basic_streambuf@DU?$char_traits@D@std@@@std@@MEAA?AV?$fpos@H@2@_JHH@Z 000000018000c7b0 f i UploadFileTask.obj
 0001:0000b7d0       ??0?$basic_ifstream@DU?$char_traits@D@std@@@std@@QEAA@PEB_WHH@Z 000000018000c7d0 f i UploadFileTask.obj
 0001:0000b8b0       ??1?$basic_ifstream@DU?$char_traits@D@std@@@std@@UEAA@XZ 000000018000c8b0 f i UploadFileTask.obj
 0001:0000b930       ??1?$basic_filebuf@DU?$char_traits@D@std@@@std@@UEAA@XZ 000000018000c930 f i UploadFileTask.obj
 0001:0000b9e0       ?_Lock@?$basic_filebuf@DU?$char_traits@D@std@@@std@@UEAAXXZ 000000018000c9e0 f i UploadFileTask.obj
 0001:0000ba00       ?_Unlock@?$basic_filebuf@DU?$char_traits@D@std@@@std@@UEAAXXZ 000000018000ca00 f i UploadFileTask.obj
 0001:0000ba20       ?overflow@?$basic_filebuf@DU?$char_traits@D@std@@@std@@MEAAHH@Z 000000018000ca20 f i UploadFileTask.obj
 0001:0000bd40       ?pbackfail@?$basic_filebuf@DU?$char_traits@D@std@@@std@@MEAAHH@Z 000000018000cd40 f i UploadFileTask.obj
 0001:0000be20       ?underflow@?$basic_filebuf@DU?$char_traits@D@std@@@std@@MEAAHXZ 000000018000ce20 f i UploadFileTask.obj
 0001:0000be90       ?uflow@?$basic_filebuf@DU?$char_traits@D@std@@@std@@MEAAHXZ 000000018000ce90 f i UploadFileTask.obj
 0001:0000c1c0       ?seekoff@?$basic_filebuf@DU?$char_traits@D@std@@@std@@MEAA?AV?$fpos@H@2@_JHH@Z 000000018000d1c0 f i UploadFileTask.obj
 0001:0000c2b0       ?seekpos@?$basic_filebuf@DU?$char_traits@D@std@@@std@@MEAA?AV?$fpos@H@2@V32@H@Z 000000018000d2b0 f i UploadFileTask.obj
 0001:0000c390       ?setbuf@?$basic_filebuf@DU?$char_traits@D@std@@@std@@MEAAPEAV?$basic_streambuf@DU?$char_traits@D@std@@@2@PEAD_J@Z 000000018000d390 f i UploadFileTask.obj
 0001:0000c3f0       ?sync@?$basic_filebuf@DU?$char_traits@D@std@@@std@@MEAAHXZ 000000018000d3f0 f i UploadFileTask.obj
 0001:0000c440       ?imbue@?$basic_filebuf@DU?$char_traits@D@std@@@std@@MEAAXAEBVlocale@2@@Z 000000018000d440 f i UploadFileTask.obj
 0001:0000c470       ??_G?$basic_istream@DU?$char_traits@D@std@@@std@@UEAAPEAXI@Z 000000018000d470 f i UploadFileTask.obj
 0001:0000c470       ??_E?$basic_istream@DU?$char_traits@D@std@@@std@@UEAAPEAXI@Z 000000018000d470 f i * CIL library *:* CIL module *
 0001:0000c4e0       ??_E?$basic_streambuf@DU?$char_traits@D@std@@@std@@UEAAPEAXI@Z 000000018000d4e0 f i * CIL library *:* CIL module *
 0001:0000c4e0       ??_G?$basic_streambuf@DU?$char_traits@D@std@@@std@@UEAAPEAXI@Z 000000018000d4e0 f i UploadFileTask.obj
 0001:0000c560       ??_G?$basic_ifstream@DU?$char_traits@D@std@@@std@@UEAAPEAXI@Z 000000018000d560 f i UploadFileTask.obj
 0001:0000c560       ??_E?$basic_ifstream@DU?$char_traits@D@std@@@std@@UEAAPEAXI@Z 000000018000d560 f i * CIL library *:* CIL module *
 0001:0000c5c0       ??_E?$basic_filebuf@DU?$char_traits@D@std@@@std@@UEAAPEAXI@Z 000000018000d5c0 f i * CIL library *:* CIL module *
 0001:0000c5c0       ??_G?$basic_filebuf@DU?$char_traits@D@std@@@std@@UEAAPEAXI@Z 000000018000d5c0 f i UploadFileTask.obj
 0001:0000c5f0       ?append@?$basic_string@DU?$char_traits@D@std@@V?$allocator@D@2@@std@@QEAAAEAV12@AEBV12@_K1@Z 000000018000d5f0 f i UploadFileTask.obj
 0001:0000c720       ?append@?$basic_string@DU?$char_traits@D@std@@V?$allocator@D@2@@std@@QEAAAEAV12@PEBD_K@Z 000000018000d720 f i UploadFileTask.obj
 0001:0000c870       ?append@?$basic_string@DU?$char_traits@D@std@@V?$allocator@D@2@@std@@QEAAAEAV12@_KD@Z 000000018000d870 f i UploadFileTask.obj
 0001:0000c980       ?init@?$basic_ios@DU?$char_traits@D@std@@@std@@IEAAXPEAV?$basic_streambuf@DU?$char_traits@D@std@@@2@_N@Z 000000018000d980 f i UploadFileTask.obj
 0001:0000ca20       ?_Gnavail@?$basic_streambuf@DU?$char_traits@D@std@@@std@@IEBA_JXZ 000000018000da20 f i UploadFileTask.obj
 0001:0000ca40       ?_Pnavail@?$basic_streambuf@DU?$char_traits@D@std@@@std@@IEBA_JXZ 000000018000da40 f i UploadFileTask.obj
 0001:0000ca60       ??0?$basic_filebuf@DU?$char_traits@D@std@@@std@@QEAA@PEAU_iobuf@@@Z 000000018000da60 f i UploadFileTask.obj
 0001:0000cb00       ?open@?$basic_filebuf@DU?$char_traits@D@std@@@std@@QEAAPEAV12@PEB_WHH@Z 000000018000db00 f i UploadFileTask.obj
 0001:0000cbb0       ?close@?$basic_filebuf@DU?$char_traits@D@std@@@std@@QEAAPEAV12@XZ 000000018000dbb0 f i UploadFileTask.obj
 0001:0000cc80       ?_Init@?$basic_filebuf@DU?$char_traits@D@std@@@std@@IEAAXPEAU_iobuf@@W4_Initfl@12@@Z 000000018000dc80 f i UploadFileTask.obj
 0001:0000cd30       ?_Endwrite@?$basic_filebuf@DU?$char_traits@D@std@@@std@@IEAA_NXZ 000000018000dd30 f i UploadFileTask.obj
 0001:0000cf70       ?_Initcvt@?$basic_filebuf@DU?$char_traits@D@std@@@std@@IEAAXPEBV?$codecvt@DDH@2@@Z 000000018000df70 f i UploadFileTask.obj
 0001:0000d010       ?_Reset_back@?$basic_filebuf@DU?$char_traits@D@std@@@std@@AEAAXXZ 000000018000e010 f i UploadFileTask.obj
 0001:0000d040       ?do_always_noconv@?$codecvt@DDH@std@@MEBA_NXZ 000000018000e040 f i UploadFileTask.obj
 0001:0000d050       ?do_in@?$codecvt@DDH@std@@MEBAHAEAHPEBD1AEAPEBDPEAD3AEAPEAD@Z 000000018000e050 f i UploadFileTask.obj
 0001:0000d050       ?do_out@?$codecvt@DDH@std@@MEBAHAEAHPEBD1AEAPEBDPEAD3AEAPEAD@Z 000000018000e050 f i UploadFileTask.obj
 0001:0000d070       ?do_unshift@?$codecvt@DDH@std@@MEBAHAEAHPEAD1AEAPEAD@Z 000000018000e070 f i UploadFileTask.obj
 0001:0000d080       ?do_length@?$codecvt@DDH@std@@MEBAHAEAHPEBD1_K@Z 000000018000e080 f i UploadFileTask.obj
 0001:0000d0a0       ??0?$basic_streambuf@DU?$char_traits@D@std@@@std@@IEAA@XZ 000000018000e0a0 f i UploadFileTask.obj
 0001:0000d150       ?flush@?$basic_ostream@DU?$char_traits@D@std@@@std@@QEAAAEAV12@XZ 000000018000e150 f i UploadFileTask.obj
 0001:0000d240       ?open@?$basic_filebuf@DU?$char_traits@D@std@@@std@@QEAAPEAV12@PEBDHH@Z 000000018000e240 f i UploadFileTask.obj
 0001:0000d2f0       ??$use_facet@V?$ctype@D@std@@@std@@YAAEBV?$ctype@D@0@AEBVlocale@0@@Z 000000018000e2f0 f i UploadFileTask.obj
 0001:0000d400       ??$use_facet@V?$codecvt@DDH@std@@@std@@YAAEBV?$codecvt@DDH@0@AEBVlocale@0@@Z 000000018000e400 f i UploadFileTask.obj
 0001:0000d510       ?_Getcat@?$codecvt@DDH@std@@SA_KPEAPEBVfacet@locale@2@PEBV42@@Z 000000018000e510 f i UploadFileTask.obj
 0001:0000d5cc       ??_E?$basic_ifstream@DU?$char_traits@D@std@@@std@@$4PPPPPPPM@A@EAAPEAXI@Z 000000018000e5cc f i UploadFileTask.obj
 0001:0000d5d8       ??_E?$basic_istream@DU?$char_traits@D@std@@@std@@$4PPPPPPPM@A@EAAPEAXI@Z 000000018000e5d8 f i UploadFileTask.obj
 0001:0000d5f0       ??_ECBaseThread@@UEAAPEAXI@Z 000000018000e5f0 f i * CIL library *:* CIL module *
 0001:0000d5f0       ??_GCBaseThread@@UEAAPEAXI@Z 000000018000e5f0 f i BaseThread.obj
 0001:0000d660       ?ThreadProc@CBaseThread@@SAIPEAX@Z 000000018000e660 f   BaseThread.obj
 0001:0000d670       ??0ReqTaskInfo@@QEAA@AEBU0@@Z 000000018000e670 f i AebellBusiThread.obj
 0001:0000d840       ??_G_Ref_count_base@std@@UEAAPEAXI@Z 000000018000e840 f i AebellBusiThread.obj
 0001:0000d840       ??_E?$_Ref_count@VCUploadFileTask@@@std@@UEAAPEAXI@Z 000000018000e840 f i * CIL library *:* CIL module *
 0001:0000d840       ??_E?$_Ref_count@VCBroadcastTask@@@std@@UEAAPEAXI@Z 000000018000e840 f i * CIL library *:* CIL module *
 0001:0000d840       ??_G?$_Ref_count@VCUploadFileTask@@@std@@UEAAPEAXI@Z 000000018000e840 f i AebellBusiThread.obj
 0001:0000d840       ??_G?$_Ref_count@VCBroadcastTask@@@std@@UEAAPEAXI@Z 000000018000e840 f i AebellBusiThread.obj
 0001:0000d840       ??_E_Ref_count_base@std@@UEAAPEAXI@Z 000000018000e840 f i * CIL library *:* CIL module *
 0001:0000d870       ?GetInstance@CAEBELLBusiThread@@SAAEAV1@XZ 000000018000e870 f   AebellBusiThread.obj
 0001:0000d8e0       ??0CAEBELLBusiThread@@AEAA@XZ 000000018000e8e0 f   AebellBusiThread.obj
 0001:0000dd30       ??_ECAEBELLBusiThread@@EEAAPEAXI@Z 000000018000ed30 f i * CIL library *:* CIL module *
 0001:0000dd30       ??_GCAEBELLBusiThread@@EEAAPEAXI@Z 000000018000ed30 f i AebellBusiThread.obj
 0001:0000dd60       ??1CAEBELLBusiThread@@EEAA@XZ 000000018000ed60 f   AebellBusiThread.obj
 0001:0000e080       ?run@CAEBELLBusiThread@@UEAAKXZ 000000018000f080 f   AebellBusiThread.obj
 0001:0000e2b0       ?DealTaskQueue@CAEBELLBusiThread@@AEAAXXZ 000000018000f2b0 f   AebellBusiThread.obj
 0001:0000e590       ?SetTaskTimeoutRes@CAEBELLBusiThread@@AEAAXXZ 000000018000f590 f   AebellBusiThread.obj
 0001:0000e730       ?DealBroadcastTask@CAEBELLBusiThread@@AEAAXAEAUBroadcastOperInfo@@@Z 000000018000f730 f   AebellBusiThread.obj
 0001:0000eda0       ?DealCallTask@CAEBELLBusiThread@@AEAAXAEAUCallOperInfo@@@Z 000000018000fda0 f   AebellBusiThread.obj
 0001:0000f1b0       ?DealAdjustVolumeTask@CAEBELLBusiThread@@AEAAXAEAUAdjustVolumeOperInfo@@@Z 00000001800101b0 f   AebellBusiThread.obj
 0001:0000f340       ?DealAddDeviceTask@CAEBELLBusiThread@@AEAAXAEAUAddDeviceOperInfo@@@Z 0000000180010340 f   AebellBusiThread.obj
 0001:0000f570       ?onAddDevAttachTask@CAEBELLBusiThread@@QEAAXAEAUAddDeviceOperInfo@@@Z 0000000180010570 f   AebellBusiThread.obj
 0001:0000f650       ?DealDelDeviceTask@CAEBELLBusiThread@@AEAAXAEAUDelOperInfo@@@Z 0000000180010650 f   AebellBusiThread.obj
 0001:0000fa50       ?DealStopBroadcastTask@CAEBELLBusiThread@@AEAAXAEAUStopOperInfo@@@Z 0000000180010a50 f   AebellBusiThread.obj
 0001:0000faf0       ?DealStopCallTask@CAEBELLBusiThread@@AEAAXAEAUStopOperInfo@@@Z 0000000180010af0 f   AebellBusiThread.obj
 0001:0000fb90       ?onAddPlanTask@CAEBELLBusiThread@@QEAAXAEAUAddUpdPlanOperInfo@@@Z 0000000180010b90 f   AebellBusiThread.obj
 0001:00010660       ?DealAddPlanTask@CAEBELLBusiThread@@AEAAXAEAUAddUpdPlanOperInfo@@@Z 0000000180011660 f   AebellBusiThread.obj
 0001:00010810       ?DealDelPlanTask@CAEBELLBusiThread@@AEAAXAEAUDelPlanOperInfo@@@Z 0000000180011810 f   AebellBusiThread.obj
 0001:000108d0       ?DealAddSessionDevTask@CAEBELLBusiThread@@AEAAXAEAUSessionDevOperInfo@@@Z 00000001800118d0 f   AebellBusiThread.obj
 0001:00010a10       ?DealDelSessionDevTask@CAEBELLBusiThread@@AEAAXAEAUSessionDevOperInfo@@@Z 0000000180011a10 f   AebellBusiThread.obj
 0001:00010b50       ?onCurTaskFinish@CAEBELLBusiThread@@QEAAX_N@Z 0000000180011b50 f   AebellBusiThread.obj
 0001:00010d10       ?onGetFileFinish@CAEBELLBusiThread@@QEAAXUResFileInfo@@_N@Z 0000000180011d10 f   AebellBusiThread.obj
 0001:00010ef0       ?onDeviceRemoveFinish@CAEBELLBusiThread@@QEAAXH_N@Z 0000000180011ef0 f   AebellBusiThread.obj
 0001:000110b0       ?onDeviceAddFinish@CAEBELLBusiThread@@QEAAXH_N@Z 00000001800120b0 f   AebellBusiThread.obj
 0001:00011480       ?onAddPlanFinish@CAEBELLBusiThread@@QEAAX_N@Z 0000000180012480 f   AebellBusiThread.obj
 0001:000115c0       ?onAddPlanTaskFinish@CAEBELLBusiThread@@QEAAX_N@Z 00000001800125c0 f   AebellBusiThread.obj
 0001:000116a0       ?getTaskResInfo@CAEBELLBusiThread@@QEAA?AUResTaskInfo@@_K@Z 00000001800126a0 f   AebellBusiThread.obj
 0001:000117b0       ?removeTaskPtrByID@CAEBELLBusiThread@@QEAAX_K@Z 00000001800127b0 f   AebellBusiThread.obj
 0001:00011850       ?GetAllNetDevices@CAEBELLBusiThread@@QEAAXAEBV?$vector@U_tagNetDevice@@V?$allocator@U_tagNetDevice@@@std@@@std@@@Z 0000000180012850 f   AebellBusiThread.obj
 0001:00011b90       ?GetDeviceAttachInfo@CAEBELLBusiThread@@QEAAXAEBV?$vector@U_tagNetDeviceAttach@@V?$allocator@U_tagNetDeviceAttach@@@std@@@std@@@Z 0000000180012b90 f   AebellBusiThread.obj
 0001:000121c0       ?GetPhoneNumByIP@CAEBELLBusiThread@@QEAA_NAEAV?$basic_string@DU?$char_traits@D@std@@V?$allocator@D@2@@std@@AEAG@Z 00000001800131c0 f   AebellBusiThread.obj
 0001:00012450       ?GetIPByPhoneNum@CAEBELLBusiThread@@QEAA_NAEAGAEAV?$basic_string@DU?$char_traits@D@std@@V?$allocator@D@2@@std@@@Z 0000000180013450 f   AebellBusiThread.obj
 0001:00012700       ?startModule@CAEBELLBusiThread@@QEAAXXZ 0000000180013700 f   AebellBusiThread.obj
 0001:00012820       ?queryAllFileTask@CAEBELLBusiThread@@QEAAX_K@Z 0000000180013820 f   AebellBusiThread.obj
 0001:00012b90       ?startBroadcastTask@CAEBELLBusiThread@@QEAAX_KAEAUBroadcastOperInfo@@@Z 0000000180013b90 f   AebellBusiThread.obj
 0001:00012cc0       ?startCallTask@CAEBELLBusiThread@@QEAAX_KAEAUCallOperInfo@@@Z 0000000180013cc0 f   AebellBusiThread.obj
 0001:00012df0       ?stopBroadcastTask@CAEBELLBusiThread@@QEAAX_KAEAUStopOperInfo@@@Z 0000000180013df0 f   AebellBusiThread.obj
 0001:00012f40       ?stopCallTask@CAEBELLBusiThread@@QEAAX_KAEAUStopOperInfo@@@Z 0000000180013f40 f   AebellBusiThread.obj
 0001:00013090       ?adjustVolumeTask@CAEBELLBusiThread@@QEAAX_KAEAUAdjustVolumeOperInfo@@@Z 0000000180014090 f   AebellBusiThread.obj
 0001:000131e0       ?addDeviceTask@CAEBELLBusiThread@@QEAAX_KAEAUAddDeviceOperInfo@@@Z 00000001800141e0 f   AebellBusiThread.obj
 0001:000133d0       ?updateDeviceTask@CAEBELLBusiThread@@QEAAX_KAEAUAddDeviceOperInfo@@@Z 00000001800143d0 f   AebellBusiThread.obj
 0001:000135c0       ?delDeviceTask@CAEBELLBusiThread@@QEAAX_KAEAUDelOperInfo@@@Z 00000001800145c0 f   AebellBusiThread.obj
 0001:00013710       ?uploadFileTask@CAEBELLBusiThread@@QEAAX_KAEAUUploadFileOperInfo@@@Z 0000000180014710 f   AebellBusiThread.obj
 0001:00013a10       ?addPlanTask@CAEBELLBusiThread@@QEAAX_KAEAUAddUpdPlanOperInfo@@@Z 0000000180014a10 f   AebellBusiThread.obj
 0001:00013bc0       ?updatePlanTask@CAEBELLBusiThread@@QEAAX_KAEAUAddUpdPlanOperInfo@@@Z 0000000180014bc0 f   AebellBusiThread.obj
 0001:00013d70       ?delPlanTask@CAEBELLBusiThread@@QEAAX_KAEAUDelPlanOperInfo@@@Z 0000000180014d70 f   AebellBusiThread.obj
 0001:00013ec0       ?addSessionDevTask@CAEBELLBusiThread@@QEAAX_KAEAUSessionDevOperInfo@@@Z 0000000180014ec0 f   AebellBusiThread.obj
 0001:00014030       ?delSessionDevTask@CAEBELLBusiThread@@QEAAX_KAEAUSessionDevOperInfo@@@Z 0000000180015030 f   AebellBusiThread.obj
 0001:000141a0       ?GetAllFileCB@CAEBELLBusiThread@@QEAAXAEBV?$vector@U_tagNetFile@@V?$allocator@U_tagNetFile@@@std@@@std@@@Z 00000001800151a0 f   AebellBusiThread.obj
 0001:00014610       ?GetFileFullNameByID@CAEBELLBusiThread@@AEAA_NHAEAV?$basic_string@DU?$char_traits@D@std@@V?$allocator@D@2@@std@@@Z 0000000180015610 f   AebellBusiThread.obj
 0001:000146d0       ?GetUsefulPhoneNum@CAEBELLBusiThread@@AEAAGXZ 00000001800156d0 f   AebellBusiThread.obj
 0001:00014750       ?GetAllPolicyCB@CAEBELLBusiThread@@QEAAXAEBV?$vector@U_tagTaskPolicy@@V?$allocator@U_tagTaskPolicy@@@std@@@std@@@Z 0000000180015750 f   AebellBusiThread.obj
 0001:00014990       ?AutoPolicyStatusCB@CAEBELLBusiThread@@QEAAXU_tagPolicyStatus@@@Z 0000000180015990 f   AebellBusiThread.obj
 0001:00014af0       ?DeviceStatusCB@CAEBELLBusiThread@@QEAAXAEBV?$vector@U_tagDeviceStatus@@V?$allocator@U_tagDeviceStatus@@@std@@@std@@_N@Z 0000000180015af0 f   AebellBusiThread.obj
 0001:00014bf0       ?GetSessionIDByPhoneNum@CAEBELLBusiThread@@AEAAGG@Z 0000000180015bf0 f   AebellBusiThread.obj
 0001:00014ca0       ?GetGuidByPhoneNum@CAEBELLBusiThread@@AEAA?AV?$basic_string@DU?$char_traits@D@std@@V?$allocator@D@2@@std@@G@Z 0000000180015ca0 f   AebellBusiThread.obj
 0001:00014dd0       ?GetPlanIDByName@CAEBELLBusiThread@@QEAA?AV?$basic_string@DU?$char_traits@D@std@@V?$allocator@D@2@@std@@AEBV23@@Z 0000000180015dd0 f   AebellBusiThread.obj
 0001:00014eb0       ?onAddNewDevice@CAEBELLBusiThread@@QEAAXAEAV?$basic_string@DU?$char_traits@D@std@@V?$allocator@D@2@@std@@0@Z 0000000180015eb0 f   AebellBusiThread.obj
 0001:00014f40       ?compare@?$basic_string@DU?$char_traits@D@std@@V?$allocator@D@2@@std@@QEBAHAEBV12@@Z 0000000180015f40 f i AebellBusiThread.obj
 0001:00014fc0       ??4?$vector@UFileInfo@@V?$allocator@UFileInfo@@@std@@@std@@QEAAAEAV01@AEBV01@@Z 0000000180015fc0 f i AebellBusiThread.obj
 0001:00015190       ??0?$map@V?$basic_string@DU?$char_traits@D@std@@V?$allocator@D@2@@std@@V12@U?$less@V?$basic_string@DU?$char_traits@D@std@@V?$allocator@D@2@@std@@@2@V?$allocator@U?$pair@$$CBV?$basic_string@DU?$char_traits@D@std@@V?$allocator@D@2@@std@@V12@@std@@@2@@std@@QEAA@XZ 0000000180016190 f i AebellBusiThread.obj
 0001:000151f0       ??A?$map@V?$basic_string@DU?$char_traits@D@std@@V?$allocator@D@2@@std@@V12@U?$less@V?$basic_string@DU?$char_traits@D@std@@V?$allocator@D@2@@std@@@2@V?$allocator@U?$pair@$$CBV?$basic_string@DU?$char_traits@D@std@@V?$allocator@D@2@@std@@V12@@std@@@2@@std@@QEAAAEAV?$basic_string@DU?$char_traits@D@std@@V?$allocator@D@2@@1@AEBV21@@Z 00000001800161f0 f i AebellBusiThread.obj
 0001:000152f0       ?erase@?$_Tree@V?$_Tmap_traits@V?$basic_string@DU?$char_traits@D@std@@V?$allocator@D@2@@std@@V12@U?$less@V?$basic_string@DU?$char_traits@D@std@@V?$allocator@D@2@@std@@@2@V?$allocator@U?$pair@$$CBV?$basic_string@DU?$char_traits@D@std@@V?$allocator@D@2@@std@@V12@@std@@@2@$0A@@std@@@std@@QEAA?AV?$_Tree_iterator@V?$_Tree_val@U?$_Tree_simple_types@U?$pair@$$CBV?$basic_string@DU?$char_traits@D@std@@V?$allocator@D@2@@std@@V12@@std@@@std@@@std@@@2@V?$_Tree_const_iterator@V?$_Tree_val@U?$_Tree_simple_types@U?$pair@$$CBV?$basic_string@DU?$char_traits@D@std@@V?$allocator@D@2@@std@@V12@@std@@@std@@@std@@@2@@Z 00000001800162f0 f i AebellBusiThread.obj
 0001:00015750       ?erase@?$_Tree@V?$_Tmap_traits@V?$basic_string@DU?$char_traits@D@std@@V?$allocator@D@2@@std@@V12@U?$less@V?$basic_string@DU?$char_traits@D@std@@V?$allocator@D@2@@std@@@2@V?$allocator@U?$pair@$$CBV?$basic_string@DU?$char_traits@D@std@@V?$allocator@D@2@@std@@V12@@std@@@2@$0A@@std@@@std@@QEAA_KAEBV?$basic_string@DU?$char_traits@D@std@@V?$allocator@D@2@@2@@Z 0000000180016750 f i AebellBusiThread.obj
 0001:000157f0       ??A?$map@V?$basic_string@DU?$char_traits@D@std@@V?$allocator@D@2@@std@@GU?$less@V?$basic_string@DU?$char_traits@D@std@@V?$allocator@D@2@@std@@@2@V?$allocator@U?$pair@$$CBV?$basic_string@DU?$char_traits@D@std@@V?$allocator@D@2@@std@@G@std@@@2@@std@@QEAAAEAGAEBV?$basic_string@DU?$char_traits@D@std@@V?$allocator@D@2@@1@@Z 00000001800167f0 f i AebellBusiThread.obj
 0001:000158e0       ?erase@?$_Tree@V?$_Tmap_traits@V?$basic_string@DU?$char_traits@D@std@@V?$allocator@D@2@@std@@HU?$less@V?$basic_string@DU?$char_traits@D@std@@V?$allocator@D@2@@std@@@2@V?$allocator@U?$pair@$$CBV?$basic_string@DU?$char_traits@D@std@@V?$allocator@D@2@@std@@H@std@@@2@$0A@@std@@@std@@QEAA?AV?$_Tree_iterator@V?$_Tree_val@U?$_Tree_simple_types@U?$pair@$$CBV?$basic_string@DU?$char_traits@D@std@@V?$allocator@D@2@@std@@H@std@@@std@@@std@@@2@V?$_Tree_const_iterator@V?$_Tree_val@U?$_Tree_simple_types@U?$pair@$$CBV?$basic_string@DU?$char_traits@D@std@@V?$allocator@D@2@@std@@H@std@@@std@@@std@@@2@@Z 00000001800168e0 f i AebellBusiThread.obj
 0001:000158e0       ?erase@?$_Tree@V?$_Tmap_traits@V?$basic_string@DU?$char_traits@D@std@@V?$allocator@D@2@@std@@GU?$less@V?$basic_string@DU?$char_traits@D@std@@V?$allocator@D@2@@std@@@2@V?$allocator@U?$pair@$$CBV?$basic_string@DU?$char_traits@D@std@@V?$allocator@D@2@@std@@G@std@@@2@$0A@@std@@@std@@QEAA?AV?$_Tree_iterator@V?$_Tree_val@U?$_Tree_simple_types@U?$pair@$$CBV?$basic_string@DU?$char_traits@D@std@@V?$allocator@D@2@@std@@G@std@@@std@@@std@@@2@V?$_Tree_const_iterator@V?$_Tree_val@U?$_Tree_simple_types@U?$pair@$$CBV?$basic_string@DU?$char_traits@D@std@@V?$allocator@D@2@@std@@G@std@@@std@@@std@@@2@@Z 00000001800168e0 f i AebellBusiThread.obj
 0001:00015d20       ?erase@?$_Tree@V?$_Tmap_traits@_KV?$shared_ptr@VCBroadcastTask@@@std@@U?$less@_K@2@V?$allocator@U?$pair@$$CB_KV?$shared_ptr@VCBroadcastTask@@@std@@@std@@@2@$0A@@std@@@std@@QEAA?AV?$_Tree_iterator@V?$_Tree_val@U?$_Tree_simple_types@U?$pair@$$CB_KV?$shared_ptr@VCBroadcastTask@@@std@@@std@@@std@@@std@@@2@V?$_Tree_const_iterator@V?$_Tree_val@U?$_Tree_simple_types@U?$pair@$$CB_KV?$shared_ptr@VCBroadcastTask@@@std@@@std@@@std@@@std@@@2@@Z 0000000180016d20 f i AebellBusiThread.obj
 0001:00016160       ??A?$map@_KUResTaskInfo@@U?$less@_K@std@@V?$allocator@U?$pair@$$CB_KUResTaskInfo@@@std@@@3@@std@@QEAAAEAUResTaskInfo@@AEB_K@Z 0000000180017160 f i AebellBusiThread.obj
 0001:000162a0       ?erase@?$_Tree@V?$_Tmap_traits@_KUResTaskInfo@@U?$less@_K@std@@V?$allocator@U?$pair@$$CB_KUResTaskInfo@@@std@@@3@$0A@@std@@@std@@QEAA?AV?$_Tree_iterator@V?$_Tree_val@U?$_Tree_simple_types@U?$pair@$$CB_KUResTaskInfo@@@std@@@std@@@std@@@2@V?$_Tree_const_iterator@V?$_Tree_val@U?$_Tree_simple_types@U?$pair@$$CB_KUResTaskInfo@@@std@@@std@@@std@@@2@@Z 00000001800172a0 f i AebellBusiThread.obj
 0001:00016750       ??0?$map@V?$basic_string@DU?$char_traits@D@std@@V?$allocator@D@2@@std@@V?$map@V?$basic_string@DU?$char_traits@D@std@@V?$allocator@D@2@@std@@V12@U?$less@V?$basic_string@DU?$char_traits@D@std@@V?$allocator@D@2@@std@@@2@V?$allocator@U?$pair@$$CBV?$basic_string@DU?$char_traits@D@std@@V?$allocator@D@2@@std@@V12@@std@@@2@@2@U?$less@V?$basic_string@DU?$char_traits@D@std@@V?$allocator@D@2@@std@@@2@V?$allocator@U?$pair@$$CBV?$basic_string@DU?$char_traits@D@std@@V?$allocator@D@2@@std@@V?$map@V?$basic_string@DU?$char_traits@D@std@@V?$allocator@D@2@@std@@V12@U?$less@V?$basic_string@DU?$char_traits@D@std@@V?$allocator@D@2@@std@@@2@V?$allocator@U?$pair@$$CBV?$basic_string@DU?$char_traits@D@std@@V?$allocator@D@2@@std@@V12@@std@@@2@@2@@std@@@2@@std@@QEAA@XZ 0000000180017750 f i AebellBusiThread.obj
 0001:000167b0       ??0?$map@GGU?$less@G@std@@V?$allocator@U?$pair@$$CBGG@std@@@2@@std@@QEAA@XZ 00000001800177b0 f i AebellBusiThread.obj
 0001:00016810       ??A?$map@GGU?$less@G@std@@V?$allocator@U?$pair@$$CBGG@std@@@2@@std@@QEAAAEAGAEBG@Z 0000000180017810 f i AebellBusiThread.obj
 0001:000168f0       ?clear@?$_Tree@V?$_Tmap_traits@GHU?$less@G@std@@V?$allocator@U?$pair@$$CBGH@std@@@2@$0A@@std@@@std@@QEAAXXZ 00000001800178f0 f i AebellBusiThread.obj
 0001:000168f0       ?clear@?$_Tree@V?$_Tmap_traits@GGU?$less@G@std@@V?$allocator@U?$pair@$$CBGG@std@@@2@$0A@@std@@@std@@QEAAXXZ 00000001800178f0 f i AebellBusiThread.obj
 0001:00016960       ??0?$map@GHU?$less@G@std@@V?$allocator@U?$pair@$$CBGH@std@@@2@@std@@QEAA@XZ 0000000180017960 f i AebellBusiThread.obj
 0001:000169c0       ??A?$map@GHU?$less@G@std@@V?$allocator@U?$pair@$$CBGH@std@@@2@@std@@QEAAAEAHAEBG@Z 00000001800179c0 f i AebellBusiThread.obj
 0001:00016aa0       ?_Reserve@?$vector@U_tagPlayTaskFile@@V?$allocator@U_tagPlayTaskFile@@@std@@@std@@IEAAX_K@Z 0000000180017aa0 f i AebellBusiThread.obj
 0001:00016b70       ?erase@?$_Tree@V?$_Tmap_traits@V?$basic_string@DU?$char_traits@D@std@@V?$allocator@D@2@@std@@V12@U?$less@V?$basic_string@DU?$char_traits@D@std@@V?$allocator@D@2@@std@@@2@V?$allocator@U?$pair@$$CBV?$basic_string@DU?$char_traits@D@std@@V?$allocator@D@2@@std@@V12@@std@@@2@$0A@@std@@@std@@QEAA?AV?$_Tree_iterator@V?$_Tree_val@U?$_Tree_simple_types@U?$pair@$$CBV?$basic_string@DU?$char_traits@D@std@@V?$allocator@D@2@@std@@V12@@std@@@std@@@std@@@2@V?$_Tree_const_iterator@V?$_Tree_val@U?$_Tree_simple_types@U?$pair@$$CBV?$basic_string@DU?$char_traits@D@std@@V?$allocator@D@2@@std@@V12@@std@@@std@@@std@@@2@0@Z 0000000180017b70 f i AebellBusiThread.obj
 0001:00016c70       ?_Erase@?$_Tree@V?$_Tmap_traits@V?$basic_string@DU?$char_traits@D@std@@V?$allocator@D@2@@std@@V12@U?$less@V?$basic_string@DU?$char_traits@D@std@@V?$allocator@D@2@@std@@@2@V?$allocator@U?$pair@$$CBV?$basic_string@DU?$char_traits@D@std@@V?$allocator@D@2@@std@@V12@@std@@@2@$0A@@std@@@std@@IEAAXPEAU?$_Tree_node@U?$pair@$$CBV?$basic_string@DU?$char_traits@D@std@@V?$allocator@D@2@@std@@V12@@std@@PEAX@2@@Z 0000000180017c70 f i AebellBusiThread.obj
 0001:00016d20       ?_Lrotate@?$_Tree@V?$_Tmap_traits@HV?$basic_string@DU?$char_traits@D@std@@V?$allocator@D@2@@std@@U?$less@H@2@V?$allocator@U?$pair@$$CBHV?$basic_string@DU?$char_traits@D@std@@V?$allocator@D@2@@std@@@std@@@2@$0A@@std@@@std@@IEAAXPEAU?$_Tree_node@U?$pair@$$CBHV?$basic_string@DU?$char_traits@D@std@@V?$allocator@D@2@@std@@@std@@PEAX@2@@Z 0000000180017d20 f i AebellBusiThread.obj
 0001:00016d20       ?_Lrotate@?$_Tree@V?$_Tmap_traits@GHU?$less@G@std@@V?$allocator@U?$pair@$$CBGH@std@@@2@$0A@@std@@@std@@IEAAXPEAU?$_Tree_node@U?$pair@$$CBGH@std@@PEAX@2@@Z 0000000180017d20 f i AebellBusiThread.obj
 0001:00016d20       ?_Lrotate@?$_Tree@V?$_Tmap_traits@V?$basic_string@DU?$char_traits@D@std@@V?$allocator@D@2@@std@@V12@U?$less@V?$basic_string@DU?$char_traits@D@std@@V?$allocator@D@2@@std@@@2@V?$allocator@U?$pair@$$CBV?$basic_string@DU?$char_traits@D@std@@V?$allocator@D@2@@std@@V12@@std@@@2@$0A@@std@@@std@@IEAAXPEAU?$_Tree_node@U?$pair@$$CBV?$basic_string@DU?$char_traits@D@std@@V?$allocator@D@2@@std@@V12@@std@@PEAX@2@@Z 0000000180017d20 f i AebellBusiThread.obj
 0001:00016d20       ?_Lrotate@?$_Tree@V?$_Tmap_traits@_KUResTaskInfo@@U?$less@_K@std@@V?$allocator@U?$pair@$$CB_KUResTaskInfo@@@std@@@3@$0A@@std@@@std@@IEAAXPEAU?$_Tree_node@U?$pair@$$CB_KUResTaskInfo@@@std@@PEAX@2@@Z 0000000180017d20 f i AebellBusiThread.obj
 0001:00016d20       ?_Lrotate@?$_Tree@V?$_Tmap_traits@V?$basic_string@DU?$char_traits@D@std@@V?$allocator@D@2@@std@@V?$map@V?$basic_string@DU?$char_traits@D@std@@V?$allocator@D@2@@std@@V12@U?$less@V?$basic_string@DU?$char_traits@D@std@@V?$allocator@D@2@@std@@@2@V?$allocator@U?$pair@$$CBV?$basic_string@DU?$char_traits@D@std@@V?$allocator@D@2@@std@@V12@@std@@@2@@2@U?$less@V?$basic_string@DU?$char_traits@D@std@@V?$allocator@D@2@@std@@@2@V?$allocator@U?$pair@$$CBV?$basic_string@DU?$char_traits@D@std@@V?$allocator@D@2@@std@@V?$map@V?$basic_string@DU?$char_traits@D@std@@V?$allocator@D@2@@std@@V12@U?$less@V?$basic_string@DU?$char_traits@D@std@@V?$allocator@D@2@@std@@@2@V?$allocator@U?$pair@$$CBV?$basic_string@DU?$char_traits@D@std@@V?$allocator@D@2@@std@@V12@@std@@@2@@2@@std@@@2@$0A@@std@@@std@@IEAAXPEAU?$_Tree_node@U?$pair@$$CBV?$basic_string@DU?$char_traits@D@std@@V?$allocator@D@2@@std@@V?$map@V?$basic_string@DU?$char_traits@D@std@@V?$allocator@D@2@@std@@V12@U?$less@V?$basic_string@DU?$char_traits@D@std@@V?$allocator@D@2@@std@@@2@V?$allocator@U?$pair@$$CBV?$basic_string@DU?$char_traits@D@std@@V?$allocator@D@2@@std@@V12@@std@@@2@@2@@std@@PEAX@2@@Z 0000000180017d20 f i AebellBusiThread.obj
 0001:00016d20       ?_Lrotate@?$_Tree@V?$_Tmap_traits@V?$basic_string@DU?$char_traits@D@std@@V?$allocator@D@2@@std@@HU?$less@V?$basic_string@DU?$char_traits@D@std@@V?$allocator@D@2@@std@@@2@V?$allocator@U?$pair@$$CBV?$basic_string@DU?$char_traits@D@std@@V?$allocator@D@2@@std@@H@std@@@2@$0A@@std@@@std@@IEAAXPEAU?$_Tree_node@U?$pair@$$CBV?$basic_string@DU?$char_traits@D@std@@V?$allocator@D@2@@std@@H@std@@PEAX@2@@Z 0000000180017d20 f i AebellBusiThread.obj
 0001:00016d20       ?_Lrotate@?$_Tree@V?$_Tmap_traits@V?$basic_string@DU?$char_traits@D@std@@V?$allocator@D@2@@std@@GU?$less@V?$basic_string@DU?$char_traits@D@std@@V?$allocator@D@2@@std@@@2@V?$allocator@U?$pair@$$CBV?$basic_string@DU?$char_traits@D@std@@V?$allocator@D@2@@std@@G@std@@@2@$0A@@std@@@std@@IEAAXPEAU?$_Tree_node@U?$pair@$$CBV?$basic_string@DU?$char_traits@D@std@@V?$allocator@D@2@@std@@G@std@@PEAX@2@@Z 0000000180017d20 f i AebellBusiThread.obj
 0001:00016d20       ?_Lrotate@?$_Tree@V?$_Tmap_traits@_KV?$shared_ptr@VCBroadcastTask@@@std@@U?$less@_K@2@V?$allocator@U?$pair@$$CB_KV?$shared_ptr@VCBroadcastTask@@@std@@@std@@@2@$0A@@std@@@std@@IEAAXPEAU?$_Tree_node@U?$pair@$$CB_KV?$shared_ptr@VCBroadcastTask@@@std@@@std@@PEAX@2@@Z 0000000180017d20 f i AebellBusiThread.obj
 0001:00016d20       ?_Lrotate@?$_Tree@V?$_Tmap_traits@GGU?$less@G@std@@V?$allocator@U?$pair@$$CBGG@std@@@2@$0A@@std@@@std@@IEAAXPEAU?$_Tree_node@U?$pair@$$CBGG@std@@PEAX@2@@Z 0000000180017d20 f i AebellBusiThread.obj
 0001:00016d20       ?_Lrotate@?$_Tree@V?$_Tmap_traits@GV?$basic_string@DU?$char_traits@D@std@@V?$allocator@D@2@@std@@U?$less@G@2@V?$allocator@U?$pair@$$CBGV?$basic_string@DU?$char_traits@D@std@@V?$allocator@D@2@@std@@@std@@@2@$0A@@std@@@std@@IEAAXPEAU?$_Tree_node@U?$pair@$$CBGV?$basic_string@DU?$char_traits@D@std@@V?$allocator@D@2@@std@@@std@@PEAX@2@@Z 0000000180017d20 f i AebellBusiThread.obj
 0001:00016d80       ?_Rrotate@?$_Tree@V?$_Tmap_traits@V?$basic_string@DU?$char_traits@D@std@@V?$allocator@D@2@@std@@GU?$less@V?$basic_string@DU?$char_traits@D@std@@V?$allocator@D@2@@std@@@2@V?$allocator@U?$pair@$$CBV?$basic_string@DU?$char_traits@D@std@@V?$allocator@D@2@@std@@G@std@@@2@$0A@@std@@@std@@IEAAXPEAU?$_Tree_node@U?$pair@$$CBV?$basic_string@DU?$char_traits@D@std@@V?$allocator@D@2@@std@@G@std@@PEAX@2@@Z 0000000180017d80 f i AebellBusiThread.obj
 0001:00016d80       ?_Rrotate@?$_Tree@V?$_Tmap_traits@GHU?$less@G@std@@V?$allocator@U?$pair@$$CBGH@std@@@2@$0A@@std@@@std@@IEAAXPEAU?$_Tree_node@U?$pair@$$CBGH@std@@PEAX@2@@Z 0000000180017d80 f i AebellBusiThread.obj
 0001:00016d80       ?_Rrotate@?$_Tree@V?$_Tmap_traits@_KUResTaskInfo@@U?$less@_K@std@@V?$allocator@U?$pair@$$CB_KUResTaskInfo@@@std@@@3@$0A@@std@@@std@@IEAAXPEAU?$_Tree_node@U?$pair@$$CB_KUResTaskInfo@@@std@@PEAX@2@@Z 0000000180017d80 f i AebellBusiThread.obj
 0001:00016d80       ?_Rrotate@?$_Tree@V?$_Tmap_traits@HV?$basic_string@DU?$char_traits@D@std@@V?$allocator@D@2@@std@@U?$less@H@2@V?$allocator@U?$pair@$$CBHV?$basic_string@DU?$char_traits@D@std@@V?$allocator@D@2@@std@@@std@@@2@$0A@@std@@@std@@IEAAXPEAU?$_Tree_node@U?$pair@$$CBHV?$basic_string@DU?$char_traits@D@std@@V?$allocator@D@2@@std@@@std@@PEAX@2@@Z 0000000180017d80 f i AebellBusiThread.obj
 0001:00016d80       ?_Rrotate@?$_Tree@V?$_Tmap_traits@V?$basic_string@DU?$char_traits@D@std@@V?$allocator@D@2@@std@@V?$map@V?$basic_string@DU?$char_traits@D@std@@V?$allocator@D@2@@std@@V12@U?$less@V?$basic_string@DU?$char_traits@D@std@@V?$allocator@D@2@@std@@@2@V?$allocator@U?$pair@$$CBV?$basic_string@DU?$char_traits@D@std@@V?$allocator@D@2@@std@@V12@@std@@@2@@2@U?$less@V?$basic_string@DU?$char_traits@D@std@@V?$allocator@D@2@@std@@@2@V?$allocator@U?$pair@$$CBV?$basic_string@DU?$char_traits@D@std@@V?$allocator@D@2@@std@@V?$map@V?$basic_string@DU?$char_traits@D@std@@V?$allocator@D@2@@std@@V12@U?$less@V?$basic_string@DU?$char_traits@D@std@@V?$allocator@D@2@@std@@@2@V?$allocator@U?$pair@$$CBV?$basic_string@DU?$char_traits@D@std@@V?$allocator@D@2@@std@@V12@@std@@@2@@2@@std@@@2@$0A@@std@@@std@@IEAAXPEAU?$_Tree_node@U?$pair@$$CBV?$basic_string@DU?$char_traits@D@std@@V?$allocator@D@2@@std@@V?$map@V?$basic_string@DU?$char_traits@D@std@@V?$allocator@D@2@@std@@V12@U?$less@V?$basic_string@DU?$char_traits@D@std@@V?$allocator@D@2@@std@@@2@V?$allocator@U?$pair@$$CBV?$basic_string@DU?$char_traits@D@std@@V?$allocator@D@2@@std@@V12@@std@@@2@@2@@std@@PEAX@2@@Z 0000000180017d80 f i AebellBusiThread.obj
 0001:00016d80       ?_Rrotate@?$_Tree@V?$_Tmap_traits@_KV?$shared_ptr@VCBroadcastTask@@@std@@U?$less@_K@2@V?$allocator@U?$pair@$$CB_KV?$shared_ptr@VCBroadcastTask@@@std@@@std@@@2@$0A@@std@@@std@@IEAAXPEAU?$_Tree_node@U?$pair@$$CB_KV?$shared_ptr@VCBroadcastTask@@@std@@@std@@PEAX@2@@Z 0000000180017d80 f i AebellBusiThread.obj
 0001:00016d80       ?_Rrotate@?$_Tree@V?$_Tmap_traits@V?$basic_string@DU?$char_traits@D@std@@V?$allocator@D@2@@std@@V12@U?$less@V?$basic_string@DU?$char_traits@D@std@@V?$allocator@D@2@@std@@@2@V?$allocator@U?$pair@$$CBV?$basic_string@DU?$char_traits@D@std@@V?$allocator@D@2@@std@@V12@@std@@@2@$0A@@std@@@std@@IEAAXPEAU?$_Tree_node@U?$pair@$$CBV?$basic_string@DU?$char_traits@D@std@@V?$allocator@D@2@@std@@V12@@std@@PEAX@2@@Z 0000000180017d80 f i AebellBusiThread.obj
 0001:00016d80       ?_Rrotate@?$_Tree@V?$_Tmap_traits@GV?$basic_string@DU?$char_traits@D@std@@V?$allocator@D@2@@std@@U?$less@G@2@V?$allocator@U?$pair@$$CBGV?$basic_string@DU?$char_traits@D@std@@V?$allocator@D@2@@std@@@std@@@2@$0A@@std@@@std@@IEAAXPEAU?$_Tree_node@U?$pair@$$CBGV?$basic_string@DU?$char_traits@D@std@@V?$allocator@D@2@@std@@@std@@PEAX@2@@Z 0000000180017d80 f i AebellBusiThread.obj
 0001:00016d80       ?_Rrotate@?$_Tree@V?$_Tmap_traits@V?$basic_string@DU?$char_traits@D@std@@V?$allocator@D@2@@std@@HU?$less@V?$basic_string@DU?$char_traits@D@std@@V?$allocator@D@2@@std@@@2@V?$allocator@U?$pair@$$CBV?$basic_string@DU?$char_traits@D@std@@V?$allocator@D@2@@std@@H@std@@@2@$0A@@std@@@std@@IEAAXPEAU?$_Tree_node@U?$pair@$$CBV?$basic_string@DU?$char_traits@D@std@@V?$allocator@D@2@@std@@H@std@@PEAX@2@@Z 0000000180017d80 f i AebellBusiThread.obj
 0001:00016d80       ?_Rrotate@?$_Tree@V?$_Tmap_traits@GGU?$less@G@std@@V?$allocator@U?$pair@$$CBGG@std@@@2@$0A@@std@@@std@@IEAAXPEAU?$_Tree_node@U?$pair@$$CBGG@std@@PEAX@2@@Z 0000000180017d80 f i AebellBusiThread.obj
 0001:00016de0       ?_Erase@?$_Tree@V?$_Tmap_traits@V?$basic_string@DU?$char_traits@D@std@@V?$allocator@D@2@@std@@HU?$less@V?$basic_string@DU?$char_traits@D@std@@V?$allocator@D@2@@std@@@2@V?$allocator@U?$pair@$$CBV?$basic_string@DU?$char_traits@D@std@@V?$allocator@D@2@@std@@H@std@@@2@$0A@@std@@@std@@IEAAXPEAU?$_Tree_node@U?$pair@$$CBV?$basic_string@DU?$char_traits@D@std@@V?$allocator@D@2@@std@@H@std@@PEAX@2@@Z 0000000180017de0 f i AebellBusiThread.obj
 0001:00016de0       ?_Erase@?$_Tree@V?$_Tmap_traits@V?$basic_string@DU?$char_traits@D@std@@V?$allocator@D@2@@std@@GU?$less@V?$basic_string@DU?$char_traits@D@std@@V?$allocator@D@2@@std@@@2@V?$allocator@U?$pair@$$CBV?$basic_string@DU?$char_traits@D@std@@V?$allocator@D@2@@std@@G@std@@@2@$0A@@std@@@std@@IEAAXPEAU?$_Tree_node@U?$pair@$$CBV?$basic_string@DU?$char_traits@D@std@@V?$allocator@D@2@@std@@G@std@@PEAX@2@@Z 0000000180017de0 f i AebellBusiThread.obj
 0001:00016e70       ?_Erase@?$_Tree@V?$_Tmap_traits@HV?$basic_string@DU?$char_traits@D@std@@V?$allocator@D@2@@std@@U?$less@H@2@V?$allocator@U?$pair@$$CBHV?$basic_string@DU?$char_traits@D@std@@V?$allocator@D@2@@std@@@std@@@2@$0A@@std@@@std@@IEAAXPEAU?$_Tree_node@U?$pair@$$CBHV?$basic_string@DU?$char_traits@D@std@@V?$allocator@D@2@@std@@@std@@PEAX@2@@Z 0000000180017e70 f i AebellBusiThread.obj
 0001:00016e70       ?_Erase@?$_Tree@V?$_Tmap_traits@GV?$basic_string@DU?$char_traits@D@std@@V?$allocator@D@2@@std@@U?$less@G@2@V?$allocator@U?$pair@$$CBGV?$basic_string@DU?$char_traits@D@std@@V?$allocator@D@2@@std@@@std@@@2@$0A@@std@@@std@@IEAAXPEAU?$_Tree_node@U?$pair@$$CBGV?$basic_string@DU?$char_traits@D@std@@V?$allocator@D@2@@std@@@std@@PEAX@2@@Z 0000000180017e70 f i AebellBusiThread.obj
 0001:00016f00       ?_Erase@?$_Tree@V?$_Tmap_traits@GGU?$less@G@std@@V?$allocator@U?$pair@$$CBGG@std@@@2@$0A@@std@@@std@@IEAAXPEAU?$_Tree_node@U?$pair@$$CBGG@std@@PEAX@2@@Z 0000000180017f00 f i AebellBusiThread.obj
 0001:00016f00       ?_Erase@?$_Tree@V?$_Tmap_traits@GHU?$less@G@std@@V?$allocator@U?$pair@$$CBGH@std@@@2@$0A@@std@@@std@@IEAAXPEAU?$_Tree_node@U?$pair@$$CBGH@std@@PEAX@2@@Z 0000000180017f00 f i AebellBusiThread.obj
 0001:00016f50       ?_Reallocate@?$vector@U_tagPlayTaskFile@@V?$allocator@U_tagPlayTaskFile@@@std@@@std@@IEAAX_K@Z 0000000180017f50 f i AebellBusiThread.obj
 0001:00017060       ?_Eqrange@?$_Tree@V?$_Tmap_traits@V?$basic_string@DU?$char_traits@D@std@@V?$allocator@D@2@@std@@V12@U?$less@V?$basic_string@DU?$char_traits@D@std@@V?$allocator@D@2@@std@@@2@V?$allocator@U?$pair@$$CBV?$basic_string@DU?$char_traits@D@std@@V?$allocator@D@2@@std@@V12@@std@@@2@$0A@@std@@@std@@IEAA?AU?$pair@V?$_Tree_iterator@V?$_Tree_val@U?$_Tree_simple_types@U?$pair@$$CBV?$basic_string@DU?$char_traits@D@std@@V?$allocator@D@2@@std@@V12@@std@@@std@@@std@@@std@@V12@@2@AEBV?$basic_string@DU?$char_traits@D@std@@V?$allocator@D@2@@2@@Z 0000000180018060 f i AebellBusiThread.obj
 0001:00017230       ?_Lbound@?$_Tree@V?$_Tmap_traits@V?$basic_string@DU?$char_traits@D@std@@V?$allocator@D@2@@std@@GU?$less@V?$basic_string@DU?$char_traits@D@std@@V?$allocator@D@2@@std@@@2@V?$allocator@U?$pair@$$CBV?$basic_string@DU?$char_traits@D@std@@V?$allocator@D@2@@std@@G@std@@@2@$0A@@std@@@std@@IEAAPEAU?$_Tree_node@U?$pair@$$CBV?$basic_string@DU?$char_traits@D@std@@V?$allocator@D@2@@std@@G@std@@PEAX@2@AEBV?$basic_string@DU?$char_traits@D@std@@V?$allocator@D@2@@2@@Z 0000000180018230 f i AebellBusiThread.obj
 0001:00017230       ?_Lbound@?$_Tree@V?$_Tmap_traits@V?$basic_string@DU?$char_traits@D@std@@V?$allocator@D@2@@std@@V12@U?$less@V?$basic_string@DU?$char_traits@D@std@@V?$allocator@D@2@@std@@@2@V?$allocator@U?$pair@$$CBV?$basic_string@DU?$char_traits@D@std@@V?$allocator@D@2@@std@@V12@@std@@@2@$0A@@std@@@std@@IEAAPEAU?$_Tree_node@U?$pair@$$CBV?$basic_string@DU?$char_traits@D@std@@V?$allocator@D@2@@std@@V12@@std@@PEAX@2@AEBV?$basic_string@DU?$char_traits@D@std@@V?$allocator@D@2@@2@@Z 0000000180018230 f i AebellBusiThread.obj
 0001:000172e0       ?erase@?$_Tree@V?$_Tmap_traits@V?$basic_string@DU?$char_traits@D@std@@V?$allocator@D@2@@std@@HU?$less@V?$basic_string@DU?$char_traits@D@std@@V?$allocator@D@2@@std@@@2@V?$allocator@U?$pair@$$CBV?$basic_string@DU?$char_traits@D@std@@V?$allocator@D@2@@std@@H@std@@@2@$0A@@std@@@std@@QEAA?AV?$_Tree_iterator@V?$_Tree_val@U?$_Tree_simple_types@U?$pair@$$CBV?$basic_string@DU?$char_traits@D@std@@V?$allocator@D@2@@std@@H@std@@@std@@@std@@@2@V?$_Tree_const_iterator@V?$_Tree_val@U?$_Tree_simple_types@U?$pair@$$CBV?$basic_string@DU?$char_traits@D@std@@V?$allocator@D@2@@std@@H@std@@@std@@@std@@@2@0@Z 00000001800182e0 f i AebellBusiThread.obj
 0001:000172e0       ?erase@?$_Tree@V?$_Tmap_traits@V?$basic_string@DU?$char_traits@D@std@@V?$allocator@D@2@@std@@GU?$less@V?$basic_string@DU?$char_traits@D@std@@V?$allocator@D@2@@std@@@2@V?$allocator@U?$pair@$$CBV?$basic_string@DU?$char_traits@D@std@@V?$allocator@D@2@@std@@G@std@@@2@$0A@@std@@@std@@QEAA?AV?$_Tree_iterator@V?$_Tree_val@U?$_Tree_simple_types@U?$pair@$$CBV?$basic_string@DU?$char_traits@D@std@@V?$allocator@D@2@@std@@G@std@@@std@@@std@@@2@V?$_Tree_const_iterator@V?$_Tree_val@U?$_Tree_simple_types@U?$pair@$$CBV?$basic_string@DU?$char_traits@D@std@@V?$allocator@D@2@@std@@G@std@@@std@@@std@@@2@0@Z 00000001800182e0 f i AebellBusiThread.obj
 0001:000173e0       ?erase@?$_Tree@V?$_Tmap_traits@HV?$basic_string@DU?$char_traits@D@std@@V?$allocator@D@2@@std@@U?$less@H@2@V?$allocator@U?$pair@$$CBHV?$basic_string@DU?$char_traits@D@std@@V?$allocator@D@2@@std@@@std@@@2@$0A@@std@@@std@@QEAA?AV?$_Tree_iterator@V?$_Tree_val@U?$_Tree_simple_types@U?$pair@$$CBHV?$basic_string@DU?$char_traits@D@std@@V?$allocator@D@2@@std@@@std@@@std@@@std@@@2@V?$_Tree_const_iterator@V?$_Tree_val@U?$_Tree_simple_types@U?$pair@$$CBHV?$basic_string@DU?$char_traits@D@std@@V?$allocator@D@2@@std@@@std@@@std@@@std@@@2@0@Z 00000001800183e0 f i AebellBusiThread.obj
 0001:000173e0       ?erase@?$_Tree@V?$_Tmap_traits@GV?$basic_string@DU?$char_traits@D@std@@V?$allocator@D@2@@std@@U?$less@G@2@V?$allocator@U?$pair@$$CBGV?$basic_string@DU?$char_traits@D@std@@V?$allocator@D@2@@std@@@std@@@2@$0A@@std@@@std@@QEAA?AV?$_Tree_iterator@V?$_Tree_val@U?$_Tree_simple_types@U?$pair@$$CBGV?$basic_string@DU?$char_traits@D@std@@V?$allocator@D@2@@std@@@std@@@std@@@std@@@2@V?$_Tree_const_iterator@V?$_Tree_val@U?$_Tree_simple_types@U?$pair@$$CBGV?$basic_string@DU?$char_traits@D@std@@V?$allocator@D@2@@std@@@std@@@std@@@std@@@2@0@Z 00000001800183e0 f i AebellBusiThread.obj
 0001:000174e0       ?erase@?$_Tree@V?$_Tmap_traits@_KV?$shared_ptr@VCBroadcastTask@@@std@@U?$less@_K@2@V?$allocator@U?$pair@$$CB_KV?$shared_ptr@VCBroadcastTask@@@std@@@std@@@2@$0A@@std@@@std@@QEAA?AV?$_Tree_iterator@V?$_Tree_val@U?$_Tree_simple_types@U?$pair@$$CB_KV?$shared_ptr@VCBroadcastTask@@@std@@@std@@@std@@@std@@@2@V?$_Tree_const_iterator@V?$_Tree_val@U?$_Tree_simple_types@U?$pair@$$CB_KV?$shared_ptr@VCBroadcastTask@@@std@@@std@@@std@@@std@@@2@0@Z 00000001800184e0 f i AebellBusiThread.obj
 0001:000175e0       ?erase@?$_Tree@V?$_Tmap_traits@_KUResTaskInfo@@U?$less@_K@std@@V?$allocator@U?$pair@$$CB_KUResTaskInfo@@@std@@@3@$0A@@std@@@std@@QEAA?AV?$_Tree_iterator@V?$_Tree_val@U?$_Tree_simple_types@U?$pair@$$CB_KUResTaskInfo@@@std@@@std@@@std@@@2@V?$_Tree_const_iterator@V?$_Tree_val@U?$_Tree_simple_types@U?$pair@$$CB_KUResTaskInfo@@@std@@@std@@@std@@@2@0@Z 00000001800185e0 f i AebellBusiThread.obj
 0001:000176e0       ?erase@?$_Tree@V?$_Tmap_traits@V?$basic_string@DU?$char_traits@D@std@@V?$allocator@D@2@@std@@V?$map@V?$basic_string@DU?$char_traits@D@std@@V?$allocator@D@2@@std@@V12@U?$less@V?$basic_string@DU?$char_traits@D@std@@V?$allocator@D@2@@std@@@2@V?$allocator@U?$pair@$$CBV?$basic_string@DU?$char_traits@D@std@@V?$allocator@D@2@@std@@V12@@std@@@2@@2@U?$less@V?$basic_string@DU?$char_traits@D@std@@V?$allocator@D@2@@std@@@2@V?$allocator@U?$pair@$$CBV?$basic_string@DU?$char_traits@D@std@@V?$allocator@D@2@@std@@V?$map@V?$basic_string@DU?$char_traits@D@std@@V?$allocator@D@2@@std@@V12@U?$less@V?$basic_string@DU?$char_traits@D@std@@V?$allocator@D@2@@std@@@2@V?$allocator@U?$pair@$$CBV?$basic_string@DU?$char_traits@D@std@@V?$allocator@D@2@@std@@V12@@std@@@2@@2@@std@@@2@$0A@@std@@@std@@QEAA?AV?$_Tree_iterator@V?$_Tree_val@U?$_Tree_simple_types@U?$pair@$$CBV?$basic_string@DU?$char_traits@D@std@@V?$allocator@D@2@@std@@V?$map@V?$basic_string@DU?$char_traits@D@std@@V?$allocator@D@2@@std@@V12@U?$less@V?$basic_string@DU?$char_traits@D@std@@V?$allocator@D@2@@std@@@2@V?$allocator@U?$pair@$$CBV?$basic_string@DU?$char_traits@D@std@@V?$allocator@D@2@@std@@V12@@std@@@2@@2@@std@@@std@@@std@@@2@V?$_Tree_const_iterator@V?$_Tree_val@U?$_Tree_simple_types@U?$pair@$$CBV?$basic_string@DU?$char_traits@D@std@@V?$allocator@D@2@@std@@V?$map@V?$basic_string@DU?$char_traits@D@std@@V?$allocator@D@2@@std@@V12@U?$less@V?$basic_string@DU?$char_traits@D@std@@V?$allocator@D@2@@std@@@2@V?$allocator@U?$pair@$$CBV?$basic_string@DU?$char_traits@D@std@@V?$allocator@D@2@@std@@V12@@std@@@2@@2@@std@@@std@@@std@@@2@0@Z 00000001800186e0 f i AebellBusiThread.obj
 0001:000177e0       ?erase@?$_Tree@V?$_Tmap_traits@GHU?$less@G@std@@V?$allocator@U?$pair@$$CBGH@std@@@2@$0A@@std@@@std@@QEAA?AV?$_Tree_iterator@V?$_Tree_val@U?$_Tree_simple_types@U?$pair@$$CBGH@std@@@std@@@std@@@2@V?$_Tree_const_iterator@V?$_Tree_val@U?$_Tree_simple_types@U?$pair@$$CBGH@std@@@std@@@std@@@2@0@Z 00000001800187e0 f i AebellBusiThread.obj
 0001:000177e0       ?erase@?$_Tree@V?$_Tmap_traits@GGU?$less@G@std@@V?$allocator@U?$pair@$$CBGG@std@@@2@$0A@@std@@@std@@QEAA?AV?$_Tree_iterator@V?$_Tree_val@U?$_Tree_simple_types@U?$pair@$$CBGG@std@@@std@@@std@@@2@V?$_Tree_const_iterator@V?$_Tree_val@U?$_Tree_simple_types@U?$pair@$$CBGG@std@@@std@@@std@@@2@0@Z 00000001800187e0 f i AebellBusiThread.obj
 0001:000178c0       ?erase@?$_Tree@V?$_Tmap_traits@GV?$basic_string@DU?$char_traits@D@std@@V?$allocator@D@2@@std@@U?$less@G@2@V?$allocator@U?$pair@$$CBGV?$basic_string@DU?$char_traits@D@std@@V?$allocator@D@2@@std@@@std@@@2@$0A@@std@@@std@@QEAA?AV?$_Tree_iterator@V?$_Tree_val@U?$_Tree_simple_types@U?$pair@$$CBGV?$basic_string@DU?$char_traits@D@std@@V?$allocator@D@2@@std@@@std@@@std@@@std@@@2@V?$_Tree_const_iterator@V?$_Tree_val@U?$_Tree_simple_types@U?$pair@$$CBGV?$basic_string@DU?$char_traits@D@std@@V?$allocator@D@2@@std@@@std@@@std@@@std@@@2@@Z 00000001800188c0 f i AebellBusiThread.obj
 0001:000178c0       ?erase@?$_Tree@V?$_Tmap_traits@HV?$basic_string@DU?$char_traits@D@std@@V?$allocator@D@2@@std@@U?$less@H@2@V?$allocator@U?$pair@$$CBHV?$basic_string@DU?$char_traits@D@std@@V?$allocator@D@2@@std@@@std@@@2@$0A@@std@@@std@@QEAA?AV?$_Tree_iterator@V?$_Tree_val@U?$_Tree_simple_types@U?$pair@$$CBHV?$basic_string@DU?$char_traits@D@std@@V?$allocator@D@2@@std@@@std@@@std@@@std@@@2@V?$_Tree_const_iterator@V?$_Tree_val@U?$_Tree_simple_types@U?$pair@$$CBHV?$basic_string@DU?$char_traits@D@std@@V?$allocator@D@2@@std@@@std@@@std@@@std@@@2@@Z 00000001800188c0 f i AebellBusiThread.obj
 0001:00017d00       ?erase@?$_Tree@V?$_Tmap_traits@V?$basic_string@DU?$char_traits@D@std@@V?$allocator@D@2@@std@@V?$map@V?$basic_string@DU?$char_traits@D@std@@V?$allocator@D@2@@std@@V12@U?$less@V?$basic_string@DU?$char_traits@D@std@@V?$allocator@D@2@@std@@@2@V?$allocator@U?$pair@$$CBV?$basic_string@DU?$char_traits@D@std@@V?$allocator@D@2@@std@@V12@@std@@@2@@2@U?$less@V?$basic_string@DU?$char_traits@D@std@@V?$allocator@D@2@@std@@@2@V?$allocator@U?$pair@$$CBV?$basic_string@DU?$char_traits@D@std@@V?$allocator@D@2@@std@@V?$map@V?$basic_string@DU?$char_traits@D@std@@V?$allocator@D@2@@std@@V12@U?$less@V?$basic_string@DU?$char_traits@D@std@@V?$allocator@D@2@@std@@@2@V?$allocator@U?$pair@$$CBV?$basic_string@DU?$char_traits@D@std@@V?$allocator@D@2@@std@@V12@@std@@@2@@2@@std@@@2@$0A@@std@@@std@@QEAA?AV?$_Tree_iterator@V?$_Tree_val@U?$_Tree_simple_types@U?$pair@$$CBV?$basic_string@DU?$char_traits@D@std@@V?$allocator@D@2@@std@@V?$map@V?$basic_string@DU?$char_traits@D@std@@V?$allocator@D@2@@std@@V12@U?$less@V?$basic_string@DU?$char_traits@D@std@@V?$allocator@D@2@@std@@@2@V?$allocator@U?$pair@$$CBV?$basic_string@DU?$char_traits@D@std@@V?$allocator@D@2@@std@@V12@@std@@@2@@2@@std@@@std@@@std@@@2@V?$_Tree_const_iterator@V?$_Tree_val@U?$_Tree_simple_types@U?$pair@$$CBV?$basic_string@DU?$char_traits@D@std@@V?$allocator@D@2@@std@@V?$map@V?$basic_string@DU?$char_traits@D@std@@V?$allocator@D@2@@std@@V12@U?$less@V?$basic_string@DU?$char_traits@D@std@@V?$allocator@D@2@@std@@@2@V?$allocator@U?$pair@$$CBV?$basic_string@DU?$char_traits@D@std@@V?$allocator@D@2@@std@@V12@@std@@@2@@2@@std@@@std@@@std@@@2@@Z 0000000180018d00 f i AebellBusiThread.obj
 0001:00018160       ?erase@?$_Tree@V?$_Tmap_traits@GHU?$less@G@std@@V?$allocator@U?$pair@$$CBGH@std@@@2@$0A@@std@@@std@@QEAA?AV?$_Tree_iterator@V?$_Tree_val@U?$_Tree_simple_types@U?$pair@$$CBGH@std@@@std@@@std@@@2@V?$_Tree_const_iterator@V?$_Tree_val@U?$_Tree_simple_types@U?$pair@$$CBGH@std@@@std@@@std@@@2@@Z 0000000180019160 f i AebellBusiThread.obj
 0001:00018160       ?erase@?$_Tree@V?$_Tmap_traits@GGU?$less@G@std@@V?$allocator@U?$pair@$$CBGG@std@@@2@$0A@@std@@@std@@QEAA?AV?$_Tree_iterator@V?$_Tree_val@U?$_Tree_simple_types@U?$pair@$$CBGG@std@@@std@@@std@@@2@V?$_Tree_const_iterator@V?$_Tree_val@U?$_Tree_simple_types@U?$pair@$$CBGG@std@@@std@@@std@@@2@@Z 0000000180019160 f i AebellBusiThread.obj
 0001:00018580       ?_Erase@?$_Tree@V?$_Tmap_traits@_KV?$shared_ptr@VCBroadcastTask@@@std@@U?$less@_K@2@V?$allocator@U?$pair@$$CB_KV?$shared_ptr@VCBroadcastTask@@@std@@@std@@@2@$0A@@std@@@std@@IEAAXPEAU?$_Tree_node@U?$pair@$$CB_KV?$shared_ptr@VCBroadcastTask@@@std@@@std@@PEAX@2@@Z 0000000180019580 f i AebellBusiThread.obj
 0001:00018600       ?_Erase@?$_Tree@V?$_Tmap_traits@_KUResTaskInfo@@U?$less@_K@std@@V?$allocator@U?$pair@$$CB_KUResTaskInfo@@@std@@@3@$0A@@std@@@std@@IEAAXPEAU?$_Tree_node@U?$pair@$$CB_KUResTaskInfo@@@std@@PEAX@2@@Z 0000000180019600 f i AebellBusiThread.obj
 0001:00018700       ?_Erase@?$_Tree@V?$_Tmap_traits@V?$basic_string@DU?$char_traits@D@std@@V?$allocator@D@2@@std@@V?$map@V?$basic_string@DU?$char_traits@D@std@@V?$allocator@D@2@@std@@V12@U?$less@V?$basic_string@DU?$char_traits@D@std@@V?$allocator@D@2@@std@@@2@V?$allocator@U?$pair@$$CBV?$basic_string@DU?$char_traits@D@std@@V?$allocator@D@2@@std@@V12@@std@@@2@@2@U?$less@V?$basic_string@DU?$char_traits@D@std@@V?$allocator@D@2@@std@@@2@V?$allocator@U?$pair@$$CBV?$basic_string@DU?$char_traits@D@std@@V?$allocator@D@2@@std@@V?$map@V?$basic_string@DU?$char_traits@D@std@@V?$allocator@D@2@@std@@V12@U?$less@V?$basic_string@DU?$char_traits@D@std@@V?$allocator@D@2@@std@@@2@V?$allocator@U?$pair@$$CBV?$basic_string@DU?$char_traits@D@std@@V?$allocator@D@2@@std@@V12@@std@@@2@@2@@std@@@2@$0A@@std@@@std@@IEAAXPEAU?$_Tree_node@U?$pair@$$CBV?$basic_string@DU?$char_traits@D@std@@V?$allocator@D@2@@std@@V?$map@V?$basic_string@DU?$char_traits@D@std@@V?$allocator@D@2@@std@@V12@U?$less@V?$basic_string@DU?$char_traits@D@std@@V?$allocator@D@2@@std@@@2@V?$allocator@U?$pair@$$CBV?$basic_string@DU?$char_traits@D@std@@V?$allocator@D@2@@std@@V12@@std@@@2@@2@@std@@PEAX@2@@Z 0000000180019700 f i AebellBusiThread.obj
 0001:000187a0       ??$_Copy_impl@PEAUFileInfo@@PEAU1@@std@@YAPEAUFileInfo@@PEAU1@00@Z 00000001800197a0 f i AebellBusiThread.obj
 0001:00018830       ??$_Insert_nohint@AEAU?$pair@$$CBV?$basic_string@DU?$char_traits@D@std@@V?$allocator@D@2@@std@@V12@@std@@PEAU?$_Tree_node@U?$pair@$$CBV?$basic_string@DU?$char_traits@D@std@@V?$allocator@D@2@@std@@V12@@std@@PEAX@2@@?$_Tree@V?$_Tmap_traits@V?$basic_string@DU?$char_traits@D@std@@V?$allocator@D@2@@std@@V12@U?$less@V?$basic_string@DU?$char_traits@D@std@@V?$allocator@D@2@@std@@@2@V?$allocator@U?$pair@$$CBV?$basic_string@DU?$char_traits@D@std@@V?$allocator@D@2@@std@@V12@@std@@@2@$0A@@std@@@std@@IEAA?AU?$pair@V?$_Tree_iterator@V?$_Tree_val@U?$_Tree_simple_types@U?$pair@$$CBV?$basic_string@DU?$char_traits@D@std@@V?$allocator@D@2@@std@@V12@@std@@@std@@@std@@@std@@_N@1@_NAEAU?$pair@$$CBV?$basic_string@DU?$char_traits@D@std@@V?$allocator@D@2@@std@@V12@@1@PEAU?$_Tree_node@U?$pair@$$CBV?$basic_string@DU?$char_traits@D@std@@V?$allocator@D@2@@std@@V12@@std@@PEAX@1@@Z 0000000180019830 f i AebellBusiThread.obj
 0001:000189f0       ??$_Insert_nohint@AEAU?$pair@$$CBV?$basic_string@DU?$char_traits@D@std@@V?$allocator@D@2@@std@@H@std@@PEAU?$_Tree_node@U?$pair@$$CBV?$basic_string@DU?$char_traits@D@std@@V?$allocator@D@2@@std@@H@std@@PEAX@2@@?$_Tree@V?$_Tmap_traits@V?$basic_string@DU?$char_traits@D@std@@V?$allocator@D@2@@std@@HU?$less@V?$basic_string@DU?$char_traits@D@std@@V?$allocator@D@2@@std@@@2@V?$allocator@U?$pair@$$CBV?$basic_string@DU?$char_traits@D@std@@V?$allocator@D@2@@std@@H@std@@@2@$0A@@std@@@std@@IEAA?AU?$pair@V?$_Tree_iterator@V?$_Tree_val@U?$_Tree_simple_types@U?$pair@$$CBV?$basic_string@DU?$char_traits@D@std@@V?$allocator@D@2@@std@@H@std@@@std@@@std@@@std@@_N@1@_NAEAU?$pair@$$CBV?$basic_string@DU?$char_traits@D@std@@V?$allocator@D@2@@std@@H@1@PEAU?$_Tree_node@U?$pair@$$CBV?$basic_string@DU?$char_traits@D@std@@V?$allocator@D@2@@std@@H@std@@PEAX@1@@Z 00000001800199f0 f i AebellBusiThread.obj
 0001:000189f0       ??$_Insert_nohint@AEAU?$pair@$$CBV?$basic_string@DU?$char_traits@D@std@@V?$allocator@D@2@@std@@G@std@@PEAU?$_Tree_node@U?$pair@$$CBV?$basic_string@DU?$char_traits@D@std@@V?$allocator@D@2@@std@@G@std@@PEAX@2@@?$_Tree@V?$_Tmap_traits@V?$basic_string@DU?$char_traits@D@std@@V?$allocator@D@2@@std@@GU?$less@V?$basic_string@DU?$char_traits@D@std@@V?$allocator@D@2@@std@@@2@V?$allocator@U?$pair@$$CBV?$basic_string@DU?$char_traits@D@std@@V?$allocator@D@2@@std@@G@std@@@2@$0A@@std@@@std@@IEAA?AU?$pair@V?$_Tree_iterator@V?$_Tree_val@U?$_Tree_simple_types@U?$pair@$$CBV?$basic_string@DU?$char_traits@D@std@@V?$allocator@D@2@@std@@G@std@@@std@@@std@@@std@@_N@1@_NAEAU?$pair@$$CBV?$basic_string@DU?$char_traits@D@std@@V?$allocator@D@2@@std@@G@1@PEAU?$_Tree_node@U?$pair@$$CBV?$basic_string@DU?$char_traits@D@std@@V?$allocator@D@2@@std@@G@std@@PEAX@1@@Z 00000001800199f0 f i AebellBusiThread.obj
 0001:00018bd0       ??$_Insert_nohint@AEAU?$pair@$$CBGV?$basic_string@DU?$char_traits@D@std@@V?$allocator@D@2@@std@@@std@@PEAU?$_Tree_node@U?$pair@$$CBGV?$basic_string@DU?$char_traits@D@std@@V?$allocator@D@2@@std@@@std@@PEAX@2@@?$_Tree@V?$_Tmap_traits@GV?$basic_string@DU?$char_traits@D@std@@V?$allocator@D@2@@std@@U?$less@G@2@V?$allocator@U?$pair@$$CBGV?$basic_string@DU?$char_traits@D@std@@V?$allocator@D@2@@std@@@std@@@2@$0A@@std@@@std@@IEAA?AU?$pair@V?$_Tree_iterator@V?$_Tree_val@U?$_Tree_simple_types@U?$pair@$$CBGV?$basic_string@DU?$char_traits@D@std@@V?$allocator@D@2@@std@@@std@@@std@@@std@@@std@@_N@1@_NAEAU?$pair@$$CBGV?$basic_string@DU?$char_traits@D@std@@V?$allocator@D@2@@std@@@1@PEAU?$_Tree_node@U?$pair@$$CBGV?$basic_string@DU?$char_traits@D@std@@V?$allocator@D@2@@std@@@std@@PEAX@1@@Z 0000000180019bd0 f i AebellBusiThread.obj
 0001:00018d20       ??$_Insert_nohint@AEAU?$pair@$$CBHV?$basic_string@DU?$char_traits@D@std@@V?$allocator@D@2@@std@@@std@@PEAU?$_Tree_node@U?$pair@$$CBHV?$basic_string@DU?$char_traits@D@std@@V?$allocator@D@2@@std@@@std@@PEAX@2@@?$_Tree@V?$_Tmap_traits@HV?$basic_string@DU?$char_traits@D@std@@V?$allocator@D@2@@std@@U?$less@H@2@V?$allocator@U?$pair@$$CBHV?$basic_string@DU?$char_traits@D@std@@V?$allocator@D@2@@std@@@std@@@2@$0A@@std@@@std@@IEAA?AU?$pair@V?$_Tree_iterator@V?$_Tree_val@U?$_Tree_simple_types@U?$pair@$$CBHV?$basic_string@DU?$char_traits@D@std@@V?$allocator@D@2@@std@@@std@@@std@@@std@@@std@@_N@1@_NAEAU?$pair@$$CBHV?$basic_string@DU?$char_traits@D@std@@V?$allocator@D@2@@std@@@1@PEAU?$_Tree_node@U?$pair@$$CBHV?$basic_string@DU?$char_traits@D@std@@V?$allocator@D@2@@std@@@std@@PEAX@1@@Z 0000000180019d20 f i AebellBusiThread.obj
 0001:00018e70       ??$_Insert_hint@AEAU?$pair@$$CBV?$basic_string@DU?$char_traits@D@std@@V?$allocator@D@2@@std@@V12@@std@@PEAU?$_Tree_node@U?$pair@$$CBV?$basic_string@DU?$char_traits@D@std@@V?$allocator@D@2@@std@@V12@@std@@PEAX@2@@?$_Tree@V?$_Tmap_traits@V?$basic_string@DU?$char_traits@D@std@@V?$allocator@D@2@@std@@V12@U?$less@V?$basic_string@DU?$char_traits@D@std@@V?$allocator@D@2@@std@@@2@V?$allocator@U?$pair@$$CBV?$basic_string@DU?$char_traits@D@std@@V?$allocator@D@2@@std@@V12@@std@@@2@$0A@@std@@@std@@IEAA?AV?$_Tree_iterator@V?$_Tree_val@U?$_Tree_simple_types@U?$pair@$$CBV?$basic_string@DU?$char_traits@D@std@@V?$allocator@D@2@@std@@V12@@std@@@std@@@std@@@1@V?$_Tree_const_iterator@V?$_Tree_val@U?$_Tree_simple_types@U?$pair@$$CBV?$basic_string@DU?$char_traits@D@std@@V?$allocator@D@2@@std@@V12@@std@@@std@@@std@@@1@AEAU?$pair@$$CBV?$basic_string@DU?$char_traits@D@std@@V?$allocator@D@2@@std@@V12@@1@PEAU?$_Tree_node@U?$pair@$$CBV?$basic_string@DU?$char_traits@D@std@@V?$allocator@D@2@@std@@V12@@std@@PEAX@1@@Z 0000000180019e70 f i AebellBusiThread.obj
 0001:00019100       ??$_Insert_hint@AEAU?$pair@$$CBV?$basic_string@DU?$char_traits@D@std@@V?$allocator@D@2@@std@@G@std@@PEAU?$_Tree_node@U?$pair@$$CBV?$basic_string@DU?$char_traits@D@std@@V?$allocator@D@2@@std@@G@std@@PEAX@2@@?$_Tree@V?$_Tmap_traits@V?$basic_string@DU?$char_traits@D@std@@V?$allocator@D@2@@std@@GU?$less@V?$basic_string@DU?$char_traits@D@std@@V?$allocator@D@2@@std@@@2@V?$allocator@U?$pair@$$CBV?$basic_string@DU?$char_traits@D@std@@V?$allocator@D@2@@std@@G@std@@@2@$0A@@std@@@std@@IEAA?AV?$_Tree_iterator@V?$_Tree_val@U?$_Tree_simple_types@U?$pair@$$CBV?$basic_string@DU?$char_traits@D@std@@V?$allocator@D@2@@std@@G@std@@@std@@@std@@@1@V?$_Tree_const_iterator@V?$_Tree_val@U?$_Tree_simple_types@U?$pair@$$CBV?$basic_string@DU?$char_traits@D@std@@V?$allocator@D@2@@std@@G@std@@@std@@@std@@@1@AEAU?$pair@$$CBV?$basic_string@DU?$char_traits@D@std@@V?$allocator@D@2@@std@@G@1@PEAU?$_Tree_node@U?$pair@$$CBV?$basic_string@DU?$char_traits@D@std@@V?$allocator@D@2@@std@@G@std@@PEAX@1@@Z 000000018001a100 f i AebellBusiThread.obj
 0001:00019390       ??$_Insert_hint@AEAU?$pair@$$CB_KUResTaskInfo@@@std@@PEAU?$_Tree_node@U?$pair@$$CB_KUResTaskInfo@@@std@@PEAX@2@@?$_Tree@V?$_Tmap_traits@_KUResTaskInfo@@U?$less@_K@std@@V?$allocator@U?$pair@$$CB_KUResTaskInfo@@@std@@@3@$0A@@std@@@std@@IEAA?AV?$_Tree_iterator@V?$_Tree_val@U?$_Tree_simple_types@U?$pair@$$CB_KUResTaskInfo@@@std@@@std@@@std@@@1@V?$_Tree_const_iterator@V?$_Tree_val@U?$_Tree_simple_types@U?$pair@$$CB_KUResTaskInfo@@@std@@@std@@@std@@@1@AEAU?$pair@$$CB_KUResTaskInfo@@@1@PEAU?$_Tree_node@U?$pair@$$CB_KUResTaskInfo@@@std@@PEAX@1@@Z 000000018001a390 f i AebellBusiThread.obj
 0001:000195f0       ??$_Insert_hint@AEAU?$pair@$$CBGG@std@@PEAU?$_Tree_node@U?$pair@$$CBGG@std@@PEAX@2@@?$_Tree@V?$_Tmap_traits@GGU?$less@G@std@@V?$allocator@U?$pair@$$CBGG@std@@@2@$0A@@std@@@std@@IEAA?AV?$_Tree_iterator@V?$_Tree_val@U?$_Tree_simple_types@U?$pair@$$CBGG@std@@@std@@@std@@@1@V?$_Tree_const_iterator@V?$_Tree_val@U?$_Tree_simple_types@U?$pair@$$CBGG@std@@@std@@@std@@@1@AEAU?$pair@$$CBGG@1@PEAU?$_Tree_node@U?$pair@$$CBGG@std@@PEAX@1@@Z 000000018001a5f0 f i AebellBusiThread.obj
[...]
 0004:000027f0       $pdata$_cfltcvt            000000018004e7f0     LIBCMT:cvt.obj
 0004:000027fc       $pdata$_cfltcvt_l          000000018004e7fc     LIBCMT:cvt.obj
 0004:00002808       $pdata$_cftoa_l            000000018004e808     LIBCMT:cvt.obj
 0004:00002814       $pdata$_cftoe2_l           000000018004e814     LIBCMT:cvt.obj
 0004:00002820       $pdata$_cftoe_l            000000018004e820     LIBCMT:cvt.obj
 0004:0000282c       $pdata$_cftof2_l           000000018004e82c     LIBCMT:cvt.obj
 0004:00002838       $pdata$_cftof_l            000000018004e838     LIBCMT:cvt.obj
 0004:00002844       $pdata$_cftog_l            000000018004e844     LIBCMT:cvt.obj
 0004:00002850       $pdata$_cropzeros_l        000000018004e850     LIBCMT:cvt.obj
 0004:0000285c       $pdata$_fassign_l          000000018004e85c     LIBCMT:cvt.obj
 0004:00002868       $pdata$_forcdecpt_l        000000018004e868     LIBCMT:cvt.obj
 0004:00002874       $pdata$_initp_misc_cfltcvt_tab 000000018004e874     LIBCMT:cmiscdat.obj
 0004:00002880       $pdata$strcpy_s            000000018004e880     LIBCMT:strcpy_s.obj
 0004:0000288c       $pdata$_FF_MSGBANNER       000000018004e88c     LIBCMT:crt0msg.obj
 0004:00002898       $pdata$_NMSG_WRITE         000000018004e898     LIBCMT:crt0msg.obj
 0004:000028a4       $pdata$_mbstowcs_l_helper  000000018004e8a4     LIBCMT:mbstowcs.obj
 0004:000028b0       $pdata$_mbstowcs_s_l       000000018004e8b0     LIBCMT:mbstowcs.obj
 0004:000028bc       $pdata$mbstowcs_s          000000018004e8bc     LIBCMT:mbstowcs.obj
 0004:000028c8       $pdata$_wcstombs_l_helper  000000018004e8c8     LIBCMT:wcstombs.obj
 0004:000028d4       $pdata$_wcstombs_s_l       000000018004e8d4     LIBCMT:wcstombs.obj
 0004:000028e0       $pdata$_getstream          000000018004e8e0     LIBCMT:stream.obj
 0004:000028ec       $pdata$_openfile           000000018004e8ec     LIBCMT:_open.obj
 0004:00002928       $pdata$_ftell_nolock       000000018004e928     LIBCMT:ftell.obj
 0004:00002934       $pdata$_lseek              000000018004e934     LIBCMT:lseek.obj
 0004:00002940       $pdata$_lseek_nolock       000000018004e940     LIBCMT:lseek.obj
 0004:0000294c       $pdata$_wopenfile          000000018004e94c     LIBCMT:_wopen.obj
 0004:00002958       $pdata$_isctype_l          000000018004e958     LIBCMT:isctype.obj
 0004:00002964       $pdata$calloc              000000018004e964     LIBCMT:calloc.obj
 0004:00002970       $pdata$wcscpy_s            000000018004e970     LIBCMT:wcscpy_s.obj
 0004:0000297c       $pdata$?__crtGetStringTypeA_stat@@YAHPEAUlocaleinfo_struct@@KPEBDHPEAGHH@Z 000000018004e97c     LIBCMT:a_str.obj
 0004:00002988       $pdata$__crtGetStringTypeA 000000018004e988     LIBCMT:a_str.obj
 0004:000029a0       $pdata$realloc             000000018004e9a0     LIBCMT:realloc.obj
 0004:000029ac       $pdata$_calloc_impl        000000018004e9ac     LIBCMT:calloc_impl.obj
 0004:000029b8       $pdata$_wcsicmp            000000018004e9b8     LIBCMT:wcsicmp.obj
 0004:000029c4       $pdata$_wcsicmp_l          000000018004e9c4     LIBCMT:wcsicmp.obj
 0004:000029d0       $pdata$_isleadbyte_l       000000018004e9d0     LIBCMT:_wctype.obj
 0004:000029dc       $pdata$isleadbyte          000000018004e9dc     LIBCMT:_wctype.obj
 0004:000029e8       $pdata$_isatty             000000018004e9e8     LIBCMT:isatty.obj
 0004:000029f4       $pdata$_wctomb_s_l         000000018004e9f4     LIBCMT:wctomb.obj
 0004:00002a00       $pdata$wctomb_s            000000018004ea00     LIBCMT:wctomb.obj
 0004:00002a0c       $pdata$_IsNonwritableInCurrentImage 000000018004ea0c     LIBCMT:pesect.obj
 0004:00002a18       $pdata$__crt_atoflt_l      000000018004ea18     LIBCMT:atodbl.obj
 0004:00002a24       $pdata$_atodbl_l           000000018004ea24     LIBCMT:atodbl.obj
 0004:00002a30       $pdata$strncpy_s           000000018004ea30     LIBCMT:strncpy_s.obj
 0004:00002a3c       $pdata$?__crtGetLocaleInfoA_stat@@YAHPEAUlocaleinfo_struct@@PEB_WKPEADH@Z 000000018004ea3c     LIBCMT:a_loc.obj
 0004:00002a48       $pdata$__crtGetLocaleInfoA 000000018004ea48     LIBCMT:a_loc.obj
 0004:00002a60       $pdata$_read               000000018004ea60     LIBCMT:read.obj
 0004:00002a6c       $pdata$_read_nolock        000000018004ea6c     LIBCMT:read.obj
 0004:00002a78       $pdata$__lock_fhandle      000000018004ea78     LIBCMT:osfinfo.obj
 0004:00002a84       $pdata$_alloc_osfhnd       000000018004ea84     LIBCMT:osfinfo.obj
 0004:00002a90       $pdata$_free_osfhnd        000000018004ea90     LIBCMT:osfinfo.obj
 0004:00002a9c       $pdata$_get_osfhandle      000000018004ea9c     LIBCMT:osfinfo.obj
 0004:00002aa8       $pdata$_set_osfhnd         000000018004eaa8     LIBCMT:osfinfo.obj
 0004:00002ab4       $pdata$_mbtowc_l           000000018004eab4     LIBCMT:mbtowc.obj
 0004:00002ac0       $pdata$_putwch_nolock      000000018004eac0     LIBCMT:putwch.obj
 0004:00002acc       $pdata$__free_lconv_mon    000000018004eacc     LIBCMT:initmon.obj
 0004:00002ad8       $pdata$__init_monetary     000000018004ead8     LIBCMT:initmon.obj
 0004:00002ae4       $pdata$__free_lconv_num    000000018004eae4     LIBCMT:initnum.obj
 0004:00002af0       $pdata$__init_numeric      000000018004eaf0     LIBCMT:initnum.obj
 0004:00002afc       $pdata$__free_lc_time      000000018004eafc     LIBCMT:inittime.obj
 0004:00002b08       $pdata$__init_time         000000018004eb08     LIBCMT:inittime.obj
 0004:00002b14       $pdata$_get_lc_time        000000018004eb14     LIBCMT:inittime.obj
 0004:00002b20       $pdata$wcscat_s            000000018004eb20     LIBCMT:wcscat_s.obj
 0004:00002b2c       $pdata$wcsncpy_s           000000018004eb2c     LIBCMT:wcsncpy_s.obj
 0004:00002b38       $pdata$GetLocaleNameFromLangCountry 000000018004eb38     LIBCMT:getqloc.obj
 0004:00002b44       $pdata$GetLocaleNameFromLanguage 000000018004eb44     LIBCMT:getqloc.obj
 0004:00002b50       $pdata$LangCountryEnumProcEx 000000018004eb50     LIBCMT:getqloc.obj
 0004:00002b5c       $pdata$LanguageEnumProcEx  000000018004eb5c     LIBCMT:getqloc.obj
 0004:00002b68       $pdata$ProcessCodePage     000000018004eb68     LIBCMT:getqloc.obj
 0004:00002b74       $pdata$TestDefaultCountry  000000018004eb74     LIBCMT:getqloc.obj
 0004:00002b80       $pdata$TranslateName       000000018004eb80     LIBCMT:getqloc.obj
 0004:00002b80       $pdata$TranslateName       000000018004eb80     LIBCMT:getqloc.obj
 0004:00002b8c       $pdata$__get_qualified_locale 000000018004eb8c     LIBCMT:getqloc.obj
 0004:00002b98       $pdata$CountryEnumProc     000000018004eb98     LIBCMT:getqloc_downlevel.obj
 0004:00002ba4       $pdata$GetLcidFromLangCountry 000000018004eba4     LIBCMT:getqloc_downlevel.obj
 0004:00002bb0       $pdata$GetLcidFromLanguage 000000018004ebb0     LIBCMT:getqloc_downlevel.obj
 0004:00002bbc       $pdata$LangCountryEnumProc 000000018004ebbc     LIBCMT:getqloc_downlevel.obj
 0004:00002bc8       $pdata$LanguageEnumProc    000000018004ebc8     LIBCMT:getqloc_downlevel.obj
 0004:00002bd4       $pdata$ProcessCodePage     000000018004ebd4     LIBCMT:getqloc_downlevel.obj
 0004:00002be0       $pdata$TestDefaultLanguage 000000018004ebe0     LIBCMT:getqloc_downlevel.obj
 0004:00002bec       $pdata$__get_qualified_locale_downlevel 000000018004ebec     LIBCMT:getqloc_downlevel.obj
 0004:00002c04       $pdata$strrchr             000000018004ec04     LIBCMT:strrchr.obj
 0004:00002c10       $pdata$_fptostr            000000018004ec10     LIBCMT:_fptostr.obj
 0004:00002c1c       $pdata$__dtold             000000018004ec1c     LIBCMT:cfout.obj
 0004:00002c28       $pdata$_fltout2            000000018004ec28     LIBCMT:cfout.obj
 0004:00002c34       $pdata$_set_error_mode     000000018004ec34     LIBCMT:errmode.obj
 0004:00002c40       $pdata$__crtMessageBoxW    000000018004ec40     LIBCMT:crtmboxw.obj
 0004:00002c4c       $pdata$_sopen_helper       000000018004ec4c     LIBCMT:open.obj
 0004:00002c58       $pdata$_sopen_nolock       000000018004ec58     LIBCMT:open.obj
 0004:00002c64       $pdata$_sopen_s            000000018004ec64     LIBCMT:open.obj
 0004:00002c70       $pdata$_mbsnbcmp_l         000000018004ec70     LIBCMT:mbsnbcmp.obj
 0004:00002c7c       $pdata$_mbsnbicmp_l        000000018004ec7c     LIBCMT:mbsnbicm.obj
 0004:00002c88       $pdata$__createFile        000000018004ec88     LIBCMT:wopen.obj
 0004:00002c94       $pdata$_wsopen_helper      000000018004ec94     LIBCMT:wopen.obj
 0004:00002ca0       $pdata$_wsopen_nolock      000000018004eca0     LIBCMT:wopen.obj
 0004:00002cac       $pdata$_wsopen_s           000000018004ecac     LIBCMT:wopen.obj
 0004:00002cb8       $pdata$_wcsnicmp           000000018004ecb8     LIBCMT:wcsnicmp.obj
 0004:00002cc4       $pdata$_wcsnicmp_l         000000018004ecc4     LIBCMT:wcsnicmp.obj
 0004:00002cd0       $pdata$_towlower_l         000000018004ecd0     LIBCMT:towlower.obj
 0004:00002cdc       $pdata$iswctype            000000018004ecdc     LIBCMT:iswctype.obj
 0004:00002ce8       $pdata$_ld12tod            000000018004ece8     LIBCMT:intrncvt.obj
 0004:00002cf4       $pdata$_ld12tof            000000018004ecf4     LIBCMT:intrncvt.obj
 0004:00002d00       $pdata$__strgtold12_l      000000018004ed00     LIBCMT:strgtold.obj
 0004:00002d0c       $pdata$__termconout        000000018004ed0c     LIBCMT:initcon.obj
 0004:00002d18       $pdata$__initconout        000000018004ed18     LIBCMT:initcon.obj
 0004:00002d24       $pdata$_itow_s             000000018004ed24     LIBCMT:xtows.obj
 0004:00002d30       $pdata$xtow_s              000000018004ed30     LIBCMT:xtows.obj
 0004:00002d3c       $pdata$wcschr              000000018004ed3c     LIBCMT:wcschr.obj
 0004:00002d48       $pdata$$I10_OUTPUT         000000018004ed48     LIBCMT:x10fout.obj
 0004:00002d60       $pdata$_strnicmp           000000018004ed60     LIBCMT:strnicmp.obj
 0004:00002d6c       $pdata$_strnicmp_l         000000018004ed6c     LIBCMT:strnicmp.obj
 0004:00002d78       $pdata$_chsize_nolock      000000018004ed78     LIBCMT:chsize.obj
 0004:00002d84       $pdata$_get_fmode          000000018004ed84     LIBCMT:setmode.obj
 0004:00002d90       $pdata$_setmode_nolock     000000018004ed90     LIBCMT:setmode.obj
 0004:00002d9c       $pdata$__mtold12           000000018004ed9c     LIBCMT:mantold.obj
 0004:00002da8       $pdata$?wcstoxl@@YAKPEB_WPEAPEB_WHH@Z 000000018004eda8     LIBCMT:wcstol.obj
 0004:00002db4       $pdata$__delayLoadHelper2  000000018004edb4     DelayImp:delayhlp.obj
 0004:00002dc0       $pdata$_onexit$fin$0       000000018004edc0     LIBCMT:onexit.obj
 0004:00002dcc       $pdata$printf$fin$0        000000018004edcc     LIBCMT:printf.obj
 0004:00002dd8       $pdata$fputc$fin$0         000000018004edd8     LIBCMT:fputc.obj
 0004:00002dd8       $pdata$ungetc$fin$0        000000018004edd8     LIBCMT:fputc.obj
 0004:00002de4       $pdata$fflush$fin$0        000000018004ede4     LIBCMT:fseeki64.obj
 0004:00002de4       $pdata$_fseeki64$fin$0     000000018004ede4     LIBCMT:fseeki64.obj
 0004:00002de4       $pdata$fgetc$fin$0         000000018004ede4     LIBCMT:fseeki64.obj
 0004:00002de4       $pdata$fseek$fin$0         000000018004ede4     LIBCMT:fseeki64.obj
 0004:00002de4       $pdata$_ftelli64$fin$0     000000018004ede4     LIBCMT:fseeki64.obj
 0004:00002de4       $pdata$fclose$fin$0        000000018004ede4     LIBCMT:fseeki64.obj
 0004:00002df0       $pdata$flsall$fin$0        000000018004edf0     LIBCMT:fflush.obj
 0004:00002dfc       $pdata$flsall$fin$1        000000018004edfc     LIBCMT:fflush.obj
 0004:00002e08       $pdata$setvbuf$fin$0       000000018004ee08     LIBCMT:setvbuf.obj
 0004:00002e14       $pdata$fwrite$fin$0        000000018004ee14     LIBCMT:fwrite.obj
 0004:00002e20       $pdata$_callthreadstartex$filt$0 000000018004ee20     LIBCMT:threadex.obj
 0004:00002e2c       $pdata$_CRT_INIT$fin$0     000000018004ee2c     LIBCMT:dllcrt0.obj
 0004:00002e38       $pdata$__DllMainCRTStartup$filt$0 000000018004ee38     LIBCMT:dllcrt0.obj
 0004:00002e44       $pdata$_CallSETranslator$filt$0 000000018004ee44     LIBCMT:trnsctrl.obj
 0004:00002e50       $pdata$setlocale$fin$0     000000018004ee50     LIBCMT:setlocal.obj
 0004:00002e5c       $pdata$_mtinitlocknum$fin$0 000000018004ee5c     LIBCMT:mlock.obj
 0004:00002e68       $pdata$_fsopen$fin$0       000000018004ee68     LIBCMT:fopen.obj
 0004:00002e74       $pdata$_wfsopen$fin$0      000000018004ee74     LIBCMT:wfopen.obj
 0004:00002e80       $pdata$doexit$fin$0        000000018004ee80     LIBCMT:crt0dat.obj
 0004:00002e8c       $pdata$raise$fin$0         000000018004ee8c     LIBCMT:winsig.obj
 0004:00002e98       $pdata$_ioinit$fin$0       000000018004ee98     LIBCMT:ioinit.obj
 0004:00002ea4       $pdata$_fcloseall$fin$0    000000018004eea4     LIBCMT:closeall.obj
 0004:00002ea4       $pdata$_getstream$fin$0    000000018004eea4     LIBCMT:closeall.obj
 0004:00002eb0       $pdata$_close$fin$0        000000018004eeb0     LIBCMT:commit.obj
 0004:00002eb0       $pdata$_commit$fin$0       000000018004eeb0     LIBCMT:commit.obj
 0004:00002ebc       $pdata$_read$fin$0         000000018004eebc     LIBCMT:write.obj
 0004:00002ebc       $pdata$_write$fin$0        000000018004eebc     LIBCMT:write.obj
 0004:00002ebc       $pdata$_lseeki64$fin$0     000000018004eebc     LIBCMT:write.obj
 0004:00002ebc       $pdata$_lseek$fin$0        000000018004eebc     LIBCMT:write.obj
 0004:00002ec8       $pdata$_freefls$fin$1      000000018004eec8     LIBCMT:tidtable.obj
 0004:00002ec8       $pdata$_initptd$fin$1      000000018004eec8     LIBCMT:tidtable.obj
 0004:00002ed4       $pdata$_freefls$fin$0      000000018004eed4     LIBCMT:tidtable.obj
 0004:00002ed4       $pdata$_initptd$fin$0      000000018004eed4     LIBCMT:tidtable.obj
 0004:00002ee0       $pdata$_locterm$fin$0      000000018004eee0     LIBCMT:localref.obj
 0004:00002ee0       $pdata$__updatetlocinfo$fin$0 000000018004eee0     LIBCMT:localref.obj
 0004:00002eec       $pdata$_setmbcp$fin$0      000000018004eeec     LIBCMT:mbctype.obj
 0004:00002eec       $pdata$__updatetmbcinfo$fin$0 000000018004eeec     LIBCMT:mbctype.obj
 0004:00002ef8       $pdata$_wsetlocale$fin$1   000000018004eef8     LIBCMT:wsetloca.obj
 0004:00002f04       $pdata$_wsetlocale$fin$0   000000018004ef04     LIBCMT:wsetloca.obj
 0004:00002f10       $pdata$_wsetlocale$fin$2   000000018004ef10     LIBCMT:wsetloca.obj
 0004:00002f1c       $pdata$__CxxCallCatchBlock$filt$0 000000018004ef1c     LIBCMT:frame.obj
 0004:00002f28       $pdata$__CxxCallCatchBlock$fin$1 000000018004ef28     LIBCMT:frame.obj
 0004:00002f34       $pdata$__DestructExceptionObject$filt$0 000000018004ef34     LIBCMT:frame.obj
 0004:00002f40       $pdata$__FrameUnwindToState$filt$0 000000018004ef40     LIBCMT:frame.obj
 0004:00002f4c       $pdata$__FrameUnwindToState$fin$1 000000018004ef4c     LIBCMT:frame.obj
 0004:00002f58       $pdata$?fin$0@?0??_Type_info_dtor@type_info@@CAXPEAV1@@Z@4HA 000000018004ef58     LIBCMT:typname.obj
 0004:00002f64       $pdata$_IsNonwritableInCurrentImage$filt$0 000000018004ef64     LIBCMT:pesect.obj
 0004:00002f70       $pdata$__lock_fhandle$fin$0 000000018004ef70     LIBCMT:osfinfo.obj
 0004:00002f7c       $pdata$_alloc_osfhnd$fin$0 000000018004ef7c     LIBCMT:osfinfo.obj
 0004:00002f88       $pdata$_alloc_osfhnd$fin$1 000000018004ef88     LIBCMT:osfinfo.obj
 0004:00002f94       $pdata$_sopen_helper$fin$0 000000018004ef94     LIBCMT:open.obj
 0004:00002f94       $pdata$_wsopen_helper$fin$0 000000018004ef94     LIBCMT:open.obj
 0004:00002fa0       $pdata$??__FvAutoPushData_@@YAXXZ 000000018004efa0     AebellBroadcast.obj
 0004:00002fac       $pdata$1$??__FvAutoPushData_@@YAXXZ 000000018004efac     AebellBroadcast.obj
 0004:00002fb8       $pdata$2$??__FvAutoPushData_@@YAXXZ 000000018004efb8     AebellBroadcast.obj
 0004:00002fc4       $pdata$3$??__FvAutoPushData_@@YAXXZ 000000018004efc4     AebellBroadcast.obj
 0004:00002fd0       $pdata$4$??__FvAutoPushData_@@YAXXZ 000000018004efd0     AebellBroadcast.obj
 0004:00002fdc       $pdata$??__FvAllDevStatusData_@@YAXXZ 000000018004efdc     AebellBroadcast.obj
 0004:00002fe8       $pdata$1$??__FvAllDevStatusData_@@YAXXZ 000000018004efe8     AebellBroadcast.obj
 0004:00002ff4       $pdata$2$??__FvAllDevStatusData_@@YAXXZ 000000018004eff4     AebellBroadcast.obj
 0004:00003000       $pdata$3$??__FvAllDevStatusData_@@YAXXZ 000000018004f000     AebellBroadcast.obj
 0004:0000300c       $pdata$4$??__FvAllDevStatusData_@@YAXXZ 000000018004f00c     AebellBroadcast.obj
 0004:00003018       $pdata$??__FvAutoPushData_@@YAXXZ 000000018004f018     UploadFileTask.obj
 0004:00003024       $pdata$1$??__FvAutoPushData_@@YAXXZ 000000018004f024     UploadFileTask.obj
 0004:00003030       $pdata$2$??__FvAutoPushData_@@YAXXZ 000000018004f030     UploadFileTask.obj
 0004:0000303c       $pdata$3$??__FvAutoPushData_@@YAXXZ 000000018004f03c     UploadFileTask.obj
 0004:00003048       $pdata$4$??__FvAutoPushData_@@YAXXZ 000000018004f048     UploadFileTask.obj
 0004:00003054       $pdata$??__FvAllDevStatusData_@@YAXXZ 000000018004f054     UploadFileTask.obj
 0004:00003060       $pdata$1$??__FvAllDevStatusData_@@YAXXZ 000000018004f060     UploadFileTask.obj
 0004:0000306c       $pdata$2$??__FvAllDevStatusData_@@YAXXZ 000000018004f06c     UploadFileTask.obj
 0004:00003078       $pdata$3$??__FvAllDevStatusData_@@YAXXZ 000000018004f078     UploadFileTask.obj
 0004:00003084       $pdata$4$??__FvAllDevStatusData_@@YAXXZ 000000018004f084     UploadFileTask.obj
 0004:00003090       $pdata$??__FvAutoPushData_@@YAXXZ 000000018004f090     AebellBusiThread.obj
 0004:0000309c       $pdata$1$??__FvAutoPushData_@@YAXXZ 000000018004f09c     AebellBusiThread.obj
 0004:000030a8       $pdata$2$??__FvAutoPushData_@@YAXXZ 000000018004f0a8     AebellBusiThread.obj
 0004:000030b4       $pdata$3$??__FvAutoPushData_@@YAXXZ 000000018004f0b4     AebellBusiThread.obj
 0004:000030c0       $pdata$4$??__FvAutoPushData_@@YAXXZ 000000018004f0c0     AebellBusiThread.obj
 0004:000030cc       $pdata$??__FvAllDevStatusData_@@YAXXZ 000000018004f0cc     AebellBusiThread.obj
 0004:000030d8       $pdata$1$??__FvAllDevStatusData_@@YAXXZ 000000018004f0d8     AebellBusiThread.obj
 0004:000030e4       $pdata$2$??__FvAllDevStatusData_@@YAXXZ 000000018004f0e4     AebellBusiThread.obj
 0004:000030f0       $pdata$3$??__FvAllDevStatusData_@@YAXXZ 000000018004f0f0     AebellBusiThread.obj
 0004:000030fc       $pdata$4$??__FvAllDevStatusData_@@YAXXZ 000000018004f0fc     AebellBusiThread.obj
 0004:00003108       $pdata$??__FvAutoPushData_@@YAXXZ 000000018004f108     AebellUploadThread.obj
 0004:00003114       $pdata$1$??__FvAutoPushData_@@YAXXZ 000000018004f114     AebellUploadThread.obj
 0004:00003120       $pdata$2$??__FvAutoPushData_@@YAXXZ 000000018004f120     AebellUploadThread.obj
 0004:0000312c       $pdata$3$??__FvAutoPushData_@@YAXXZ 000000018004f12c     AebellUploadThread.obj
 0004:00003138       $pdata$4$??__FvAutoPushData_@@YAXXZ 000000018004f138     AebellUploadThread.obj
 0004:00003144       $pdata$??__FvAllDevStatusData_@@YAXXZ 000000018004f144     AebellUploadThread.obj
 0004:00003150       $pdata$1$??__FvAllDevStatusData_@@YAXXZ 000000018004f150     AebellUploadThread.obj
 0004:0000315c       $pdata$2$??__FvAllDevStatusData_@@YAXXZ 000000018004f15c     AebellUploadThread.obj
 0004:00003168       $pdata$3$??__FvAllDevStatusData_@@YAXXZ 000000018004f168     AebellUploadThread.obj
 0004:00003174       $pdata$4$??__FvAllDevStatusData_@@YAXXZ 000000018004f174     AebellUploadThread.obj
 0004:00003180       $pdata$??__F_Fac_tidy_reg@std@@YAXXZ 000000018004f180     libcpmt:locale0.obj
 0004:0000318c       $pdata$??__Fclassic_locale@std@@YAXXZ 000000018004f18c     libcpmt:locale0.obj
 0004:00003198       $pdata$??__Finit_atexit@@YAXXZ 000000018004f198     libcpmt:iosptrs.obj
 0005:00000060       $R000000                   0000000180050060     * linker generated manifest res *

 Exports

  ordinal    name

        1    _register_aebellBroadcast_
